Archive member included to satisfy reference by file (symbol)

/Applications/STMicroelectronics/STM32CubeIDE.app/Contents/Eclipse/plugins/com.st.stm32cube.ide.mcu.externaltools.gnu-tools-for-stm32.14.3.rel1.macosaarch64_1.0.0.202602081740/tools/bin/../lib/gcc/arm-none-eabi/14.3.1/../../../../arm-none-eabi/lib/thumb/v7e-m+fp/hard/libc_nano.a(libc_a-exit.o)
                              /Applications/STMicroelectronics/STM32CubeIDE.app/Contents/Eclipse/plugins/com.st.stm32cube.ide.mcu.externaltools.gnu-tools-for-stm32.14.3.rel1.macosaarch64_1.0.0.202602081740/tools/bin/../lib/gcc/arm-none-eabi/14.3.1/../../../../arm-none-eabi/lib/thumb/v7e-m+fp/hard/crt0.o (exit)
/Applications/STMicroelectronics/STM32CubeIDE.app/Contents/Eclipse/plugins/com.st.stm32cube.ide.mcu.externaltools.gnu-tools-for-stm32.14.3.rel1.macosaarch64_1.0.0.202602081740/tools/bin/../lib/gcc/arm-none-eabi/14.3.1/../../../../arm-none-eabi/lib/thumb/v7e-m+fp/hard/libc_nano.a(libc_a-snprintf.o)
                              ./Core/Src/telemetry_bt.o (snprintf)
/Applications/STMicroelectronics/STM32CubeIDE.app/Contents/Eclipse/plugins/com.st.stm32cube.ide.mcu.externaltools.gnu-tools-for-stm32.14.3.rel1.macosaarch64_1.0.0.202602081740/tools/bin/../lib/gcc/arm-none-eabi/14.3.1/../../../../arm-none-eabi/lib/thumb/v7e-m+fp/hard/libc_nano.a(libc_a-sscanf.o)
                              ./Core/Src/telemetry_bt.o (sscanf)
/Applications/STMicroelectronics/STM32CubeIDE.app/Contents/Eclipse/plugins/com.st.stm32cube.ide.mcu.externaltools.gnu-tools-for-stm32.14.3.rel1.macosaarch64_1.0.0.202602081740/tools/bin/../lib/gcc/arm-none-eabi/14.3.1/../../../../arm-none-eabi/lib/thumb/v7e-m+fp/hard/libc_nano.a(libc_a-stdio.o)
                              /Applications/STMicroelectronics/STM32CubeIDE.app/Contents/Eclipse/plugins/com.st.stm32cube.ide.mcu.externaltools.gnu-tools-for-stm32.14.3.rel1.macosaarch64_1.0.0.202602081740/tools/bin/../lib/gcc/arm-none-eabi/14.3.1/../../../../arm-none-eabi/lib/thumb/v7e-m+fp/hard/libc_nano.a(libc_a-sscanf.o) (__seofread)
/Applications/STMicroelectronics/STM32CubeIDE.app/Contents/Eclipse/plugins/com.st.stm32cube.ide.mcu.externaltools.gnu-tools-for-stm32.14.3.rel1.macosaarch64_1.0.0.202602081740/tools/bin/../lib/gcc/arm-none-eabi/14.3.1/../../../../arm-none-eabi/lib/thumb/v7e-m+fp/hard/libc_nano.a(libc_a-findfp.o)
                              ./Middlewares/Third_Party/FreeRTOS/Source/tasks.o (__sf)
/Applications/STMicroelectronics/STM32CubeIDE.app/Contents/Eclipse/plugins/com.st.stm32cube.ide.mcu.externaltools.gnu-tools-for-stm32.14.3.rel1.macosaarch64_1.0.0.202602081740/tools/bin/../lib/gcc/arm-none-eabi/14.3.1/../../../../arm-none-eabi/lib/thumb/v7e-m+fp/hard/libc_nano.a(libc_a-fwalk.o)
                              /Applications/STMicroelectronics/STM32CubeIDE.app/Contents/Eclipse/plugins/com.st.stm32cube.ide.mcu.externaltools.gnu-tools-for-stm32.14.3.rel1.macosaarch64_1.0.0.202602081740/tools/bin/../lib/gcc/arm-none-eabi/14.3.1/../../../../arm-none-eabi/lib/thumb/v7e-m+fp/hard/libc_nano.a(libc_a-findfp.o) (_fwalk_sglue)
/Applications/STMicroelectronics/STM32CubeIDE.app/Contents/Eclipse/plugins/com.st.stm32cube.ide.mcu.externaltools.gnu-tools-for-stm32.14.3.rel1.macosaarch64_1.0.0.202602081740/tools/bin/../lib/gcc/arm-none-eabi/14.3.1/../../../../arm-none-eabi/lib/thumb/v7e-m+fp/hard/libc_nano.a(libc_a-memmove.o)
                              ./Core/Src/lidar.o (memmove)
/Applications/STMicroelectronics/STM32CubeIDE.app/Contents/Eclipse/plugins/com.st.stm32cube.ide.mcu.externaltools.gnu-tools-for-stm32.14.3.rel1.macosaarch64_1.0.0.202602081740/tools/bin/../lib/gcc/arm-none-eabi/14.3.1/../../../../arm-none-eabi/lib/thumb/v7e-m+fp/hard/libc_nano.a(libc_a-memset.o)
                              /Applications/STMicroelectronics/STM32CubeIDE.app/Contents/Eclipse/plugins/com.st.stm32cube.ide.mcu.externaltools.gnu-tools-for-stm32.14.3.rel1.macosaarch64_1.0.0.202602081740/tools/bin/../lib/gcc/arm-none-eabi/14.3.1/../../../../arm-none-eabi/lib/thumb/v7e-m+fp/hard/crt0.o (memset)
/Applications/STMicroelectronics/STM32CubeIDE.app/Contents/Eclipse/plugins/com.st.stm32cube.ide.mcu.externaltools.gnu-tools-for-stm32.14.3.rel1.macosaarch64_1.0.0.202602081740/tools/bin/../lib/gcc/arm-none-eabi/14.3.1/../../../../arm-none-eabi/lib/thumb/v7e-m+fp/hard/libc_nano.a(libc_a-lseekr.o)
                              /Applications/STMicroelectronics/STM32CubeIDE.app/Contents/Eclipse/plugins/com.st.stm32cube.ide.mcu.externaltools.gnu-tools-for-stm32.14.3.rel1.macosaarch64_1.0.0.202602081740/tools/bin/../lib/gcc/arm-none-eabi/14.3.1/../../../../arm-none-eabi/lib/thumb/v7e-m+fp/hard/libc_nano.a(libc_a-stdio.o) (_lseek_r)
/Applications/STMicroelectronics/STM32CubeIDE.app/Contents/Eclipse/plugins/com.st.stm32cube.ide.mcu.externaltools.gnu-tools-for-stm32.14.3.rel1.macosaarch64_1.0.0.202602081740/tools/bin/../lib/gcc/arm-none-eabi/14.3.1/../../../../arm-none-eabi/lib/thumb/v7e-m+fp/hard/libc_nano.a(libc_a-readr.o)
[...]
Memory Configuration

Name             Origin             Length             Attributes
RAM              0x20000000         0x00020000         xrw
FLASH            0x08000000         0x00080000         xr
*default*        0x00000000         0xffffffff

Linker script and memory map

LOAD /Applications/STMicroelectronics/STM32CubeIDE.app/Contents/Eclipse/plugins/com.st.stm32cube.ide.mcu.externaltools.gnu-tools-for-stm32.14.3.rel1.macosaarch64_1.0.0.202602081740/tools/bin/../lib/gcc/arm-none-eabi/14.3.1/thumb/v7e-m+fp/hard/crti.o
LOAD /Applications/STMicroelectronics/STM32CubeIDE.app/Contents/Eclipse/plugins/com.st.stm32cube.ide.mcu.externaltools.gnu-tools-for-stm32.14.3.rel1.macosaarch64_1.0.0.202602081740/tools/bin/../lib/gcc/arm-none-eabi/14.3.1/thumb/v7e-m+fp/hard/crtbegin.o
LOAD /Applications/STMicroelectronics/STM32CubeIDE.app/Contents/Eclipse/plugins/com.st.stm32cube.ide.mcu.externaltools.gnu-tools-for-stm32.14.3.rel1.macosaarch64_1.0.0.202602081740/tools/bin/../lib/gcc/arm-none-eabi/14.3.1/../../../../arm-none-eabi/lib/thumb/v7e-m+fp/hard/crt0.o
LOAD ./Core/Src/app_config.o
LOAD ./Core/Src/app_platform.o
LOAD ./Core/Src/app_state.o
LOAD ./Core/Src/app_tasks.o
LOAD ./Core/Src/buttons.o
LOAD ./Core/Src/encoder.o
LOAD ./Core/Src/freertos.o
LOAD ./Core/Src/imu_mpu6500.o
LOAD ./Core/Src/lidar.o
LOAD ./Core/Src/main.o
LOAD ./Core/Src/motor_control.o
LOAD ./Core/Src/odometry.o
LOAD ./Core/Src/safety.o
LOAD ./Core/Src/stm32f4xx_hal_msp.o
LOAD ./Core/Src/stm32f4xx_hal_timebase_tim.o
LOAD ./Core/Src/stm32f4xx_it.o
LOAD ./Core/Src/syscalls.o
LOAD ./Core/Src/sysmem.o
LOAD ./Core/Src/system_stm32f4xx.o
LOAD ./Core/Src/telemetry_bt.o
LOAD ./Core/Src/ui_oled.o
LOAD ./Core/Startup/startup_stm32f446retx.o
LOAD ./Drivers/STM32F4xx_HAL_Driver/Src/stm32f4xx_hal.o
LOAD ./Drivers/STM32F4xx_HAL_Driver/Src/stm32f4xx_hal_adc.o
LOAD ./Drivers/STM32F4xx_HAL_Driver/Src/stm32f4xx_hal_adc_ex.o
LOAD ./Drivers/STM32F4xx_HAL_Driver/Src/stm32f4xx_hal_cortex.o
LOAD ./Drivers/STM32F4xx_HAL_Driver/Src/stm32f4xx_hal_dma.o
LOAD ./Drivers/STM32F4xx_HAL_Driver/Src/stm32f4xx_hal_dma_ex.o
LOAD ./Drivers/STM32F4xx_HAL_Driver/Src/stm32f4xx_hal_exti.o
LOAD ./Drivers/STM32F4xx_HAL_Driver/Src/stm32f4xx_hal_flash.o
LOAD ./Drivers/STM32F4xx_HAL_Driver/Src/stm32f4xx_hal_flash_ex.o
LOAD ./Drivers/STM32F4xx_HAL_Driver/Src/stm32f4xx_hal_flash_ramfunc.o
LOAD ./Drivers/STM32F4xx_HAL_Driver/Src/stm32f4xx_hal_gpio.o
LOAD ./Drivers/STM32F4xx_HAL_Driver/Src/stm32f4xx_hal_i2c.o
LOAD ./Drivers/STM32F4xx_HAL_Driver/Src/stm32f4xx_hal_i2c_ex.o
LOAD ./Drivers/STM32F4xx_HAL_Driver/Src/stm32f4xx_hal_pwr.o
LOAD ./Drivers/STM32F4xx_HAL_Driver/Src/stm32f4xx_hal_pwr_ex.o
LOAD ./Drivers/STM32F4xx_HAL_Driver/Src/stm32f4xx_hal_rcc.o
LOAD ./Drivers/STM32F4xx_HAL_Driver/Src/stm32f4xx_hal_rcc_ex.o
LOAD ./Drivers/STM32F4xx_HAL_Driver/Src/stm32f4xx_hal_tim.o
LOAD ./Drivers/STM32F4xx_HAL_Driver/Src/stm32f4xx_hal_tim_ex.o
LOAD ./Drivers/STM32F4xx_HAL_Driver/Src/stm32f4xx_hal_uart.o
LOAD ./Middlewares/Third_Party/FreeRTOS/Source/CMSIS_RTOS/cmsis_os.o
LOAD ./Middlewares/Third_Party/FreeRTOS/Source/croutine.o
LOAD ./Middlewares/Third_Party/FreeRTOS/Source/event_groups.o
LOAD ./Middlewares/Third_Party/FreeRTOS/Source/list.o
LOAD ./Middlewares/Third_Party/FreeRTOS/Source/queue.o
LOAD ./Middlewares/Third_Party/FreeRTOS/Source/stream_buffer.o
LOAD ./Middlewares/Third_Party/FreeRTOS/Source/tasks.o
LOAD ./Middlewares/Third_Party/FreeRTOS/Source/timers.o
LOAD ./Middlewares/Third_Party/FreeRTOS/Source/portable/GCC/ARM_CM4F/port.o
LOAD ./Middlewares/Third_Party/FreeRTOS/Source/portable/MemMang/heap_4.o
START GROUP
LOAD /Applications/STMicroelectronics/STM32CubeIDE.app/Contents/Eclipse/plugins/com.st.stm32cube.ide.mcu.externaltools.gnu-tools-for-stm32.14.3.rel1.macosaarch64_1.0.0.202602081740/tools/bin/../lib/gcc/arm-none-eabi/14.3.1/../../../../arm-none-eabi/lib/thumb/v7e-m+fp/hard/libc_nano.a
LOAD /Applications/STMicroelectronics/STM32CubeIDE.app/Contents/Eclipse/plugins/com.st.stm32cube.ide.mcu.externaltools.gnu-tools-for-stm32.14.3.rel1.macosaarch64_1.0.0.202602081740/tools/bin/../lib/gcc/arm-none-eabi/14.3.1/../../../../arm-none-eabi/lib/thumb/v7e-m+fp/hard/libm.a
END GROUP
START GROUP
LOAD /Applications/STMicroelectronics/STM32CubeIDE.app/Contents/Eclipse/plugins/com.st.stm32cube.ide.mcu.externaltools.gnu-tools-for-stm32.14.3.rel1.macosaarch64_1.0.0.202602081740/tools/bin/../lib/gcc/arm-none-eabi/14.3.1/thumb/v7e-m+fp/hard/libgcc.a
LOAD /Applications/STMicroelectronics/STM32CubeIDE.app/Contents/Eclipse/plugins/com.st.stm32cube.ide.mcu.externaltools.gnu-tools-for-stm32.14.3.rel1.macosaarch64_1.0.0.202602081740/tools/bin/../lib/gcc/arm-none-eabi/14.3.1/../../../../arm-none-eabi/lib/thumb/v7e-m+fp/hard/libc_nano.a
END GROUP
START GROUP
LOAD /Applications/STMicroelectronics/STM32CubeIDE.app/Contents/Eclipse/plugins/com.st.stm32cube.ide.mcu.externaltools.gnu-tools-for-stm32.14.3.rel1.macosaarch64_1.0.0.202602081740/tools/bin/../lib/gcc/arm-none-eabi/14.3.1/thumb/v7e-m+fp/hard/libgcc.a
LOAD /Applications/STMicroelectronics/STM32CubeIDE.app/Contents/Eclipse/plugins/com.st.stm32cube.ide.mcu.externaltools.gnu-tools-for-stm32.14.3.rel1.macosaarch64_1.0.0.202602081740/tools/bin/../lib/gcc/arm-none-eabi/14.3.1/../../../../arm-none-eabi/lib/thumb/v7e-m+fp/hard/libc_nano.a
LOAD /Applications/STMicroelectronics/STM32CubeIDE.app/Contents/Eclipse/plugins/com.st.stm32cube.ide.mcu.externaltools.gnu-tools-for-stm32.14.3.rel1.macosaarch64_1.0.0.202602081740/tools/bin/../lib/gcc/arm-none-eabi/14.3.1/../../../../arm-none-eabi/lib/thumb/v7e-m+fp/hard/libnosys.a
END GROUP
START GROUP
LOAD /Applications/STMicroelectronics/STM32CubeIDE.app/Contents/Eclipse/plugins/com.st.stm32cube.ide.mcu.externaltools.gnu-tools-for-stm32.14.3.rel1.macosaarch64_1.0.0.202602081740/tools/bin/../lib/gcc/arm-none-eabi/14.3.1/thumb/v7e-m+fp/hard/libgcc.a
LOAD /Applications/STMicroelectronics/STM32CubeIDE.app/Contents/Eclipse/plugins/com.st.stm32cube.ide.mcu.externaltools.gnu-tools-for-stm32.14.3.rel1.macosaarch64_1.0.0.202602081740/tools/bin/../lib/gcc/arm-none-eabi/14.3.1/../../../../arm-none-eabi/lib/thumb/v7e-m+fp/hard/libc_nano.a
LOAD /Applications/STMicroelectronics/STM32CubeIDE.app/Contents/Eclipse/plugins/com.st.stm32cube.ide.mcu.externaltools.gnu-tools-for-stm32.14.3.rel1.macosaarch64_1.0.0.202602081740/tools/bin/../lib/gcc/arm-none-eabi/14.3.1/../../../../arm-none-eabi/lib/thumb/v7e-m+fp/hard/libnosys.a
END GROUP
LOAD /Applications/STMicroelectronics/STM32CubeIDE.app/Contents/Eclipse/plugins/com.st.stm32cube.ide.mcu.externaltools.gnu-tools-for-stm32.14.3.rel1.macosaarch64_1.0.0.202602081740/tools/bin/../lib/gcc/arm-none-eabi/14.3.1/thumb/v7e-m+fp/hard/crtend.o
LOAD /Applications/STMicroelectronics/STM32CubeIDE.app/Contents/Eclipse/plugins/com.st.stm32cube.ide.mcu.externaltools.gnu-tools-for-stm32.14.3.rel1.macosaarch64_1.0.0.202602081740/tools/bin/../lib/gcc/arm-none-eabi/14.3.1/thumb/v7e-m+fp/hard/crtn.o
                0x20020000                        _estack = (ORIGIN (RAM) + LENGTH (RAM))
                0x00000200                        _Min_Heap_Size = 0x200
                0x00000400                        _Min_Stack_Size = 0x400

.isr_vector     0x08000000      0x1c4
                0x08000000                        . = ALIGN (0x4)
 *(.isr_vector)
 .isr_vector    0x08000000      0x1c4 ./Core/Startup/startup_stm32f446retx.o
                0x08000000                g_pfnVectors
                0x080001c4                        . = ALIGN (0x4)

.text           0x080001d0    0x10244
                0x080001d0                        . = ALIGN (0x4)
 *(.text)
 .text          0x080001d0       0x40 /Applications/STMicroelectronics/STM32CubeIDE.app/Contents/Eclipse/plugins/com.st.stm32cube.ide.mcu.externaltools.gnu-tools-for-stm32.14.3.rel1.macosaarch64_1.0.0.202602081740/tools/bin/../lib/gcc/arm-none-eabi/14.3.1/thumb/v7e-m+fp/hard/crtbegin.o
 .text          0x08000210       0x14 /Applications/STMicroelectronics/STM32CubeIDE.app/Contents/Eclipse/plugins/com.st.stm32cube.ide.mcu.externaltools.gnu-tools-for-stm32.14.3.rel1.macosaarch64_1.0.0.202602081740/tools/bin/../lib/gcc/arm-none-eabi/14.3.1/../../../../arm-none-eabi/lib/thumb/v7e-m+fp/hard/libc_nano.a(libc_a-strcmp.o)
                0x08000210                strcmp
 .text          0x08000224       0x10 /Applications/STMicroelectronics/STM32CubeIDE.app/Contents/Eclipse/plugins/com.st.stm32cube.ide.mcu.externaltools.gnu-tools-for-stm32.14.3.rel1.macosaarch64_1.0.0.202602081740/tools/bin/../lib/gcc/arm-none-eabi/14.3.1/../../../../arm-none-eabi/lib/thumb/v7e-m+fp/hard/libc_nano.a(libc_a-strlen.o)
                0x08000224                strlen
 *fill*         0x08000234        0xc 
 .text          0x08000240       0xa0 /Applications/STMicroelectronics/STM32CubeIDE.app/Contents/Eclipse/plugins/com.st.stm32cube.ide.mcu.externaltools.gnu-tools-for-stm32.14.3.rel1.macosaarch64_1.0.0.202602081740/tools/bin/../lib/gcc/arm-none-eabi/14.3.1/../../../../arm-none-eabi/lib/thumb/v7e-m+fp/hard/libc_nano.a(libc_a-memchr.o)
                0x08000240                memchr
 .text          0x080002e0      0x378 /Applications/STMicroelectronics/STM32CubeIDE.app/Contents/Eclipse/plugins/com.st.stm32cube.ide.mcu.externaltools.gnu-tools-for-stm32.14.3.rel1.macosaarch64_1.0.0.202602081740/tools/bin/../lib/gcc/arm-none-eabi/14.3.1/thumb/v7e-m+fp/hard/libgcc.a(_arm_addsubdf3.o)
                0x080002e0                __aeabi_drsub
                0x080002e8                __subdf3
                0x080002e8                __aeabi_dsub
                0x080002ec                __aeabi_dadd
                0x080002ec                __adddf3
                0x08000564                __aeabi_ui2d
                0x08000564                __floatunsidf
                0x08000584                __floatsidf
                0x08000584                __aeabi_i2d
                0x080005a8                __extendsfdf2
                0x080005a8                __aeabi_f2d
                0x080005ec                __aeabi_ul2d
                0x080005ec                __floatundidf
                0x080005fc                __aeabi_l2d
                0x080005fc                __floatdidf
 .text          0x08000658       0x30 /Applications/STMicroelectronics/STM32CubeIDE.app/Contents/Eclipse/plugins/com.st.stm32cube.ide.mcu.externaltools.gnu-tools-for-stm32.14.3.rel1.macosaarch64_1.0.0.202602081740/tools/bin/../lib/gcc/arm-none-eabi/14.3.1/thumb/v7e-m+fp/hard/libgcc.a(_aeabi_uldivmod.o)
                0x08000658                __aeabi_uldivmod
 .text          0x08000688      0x2f8 /Applications/STMicroelectronics/STM32CubeIDE.app/Contents/Eclipse/plugins/com.st.stm32cube.ide.mcu.externaltools.gnu-tools-for-stm32.14.3.rel1.macosaarch64_1.0.0.202602081740/tools/bin/../lib/gcc/arm-none-eabi/14.3.1/thumb/v7e-m+fp/hard/libgcc.a(_udivmoddi4.o)
                0x08000688                __udivmoddi4
 .text          0x08000980        0x4 /Applications/STMicroelectronics/STM32CubeIDE.app/Contents/Eclipse/plugins/com.st.stm32cube.ide.mcu.externaltools.gnu-tools-for-stm32.14.3.rel1.macosaarch64_1.0.0.202602081740/tools/bin/../lib/gcc/arm-none-eabi/14.3.1/thumb/v7e-m+fp/hard/libgcc.a(_dvmd_tls.o)
                0x08000980                __aeabi_ldiv0
                0x08000980                __aeabi_idiv0
 *(.text*)
 .text.app_config_map_adc
                0x08000984       0x58 ./Core/Src/app_config.o
 .text.app_config_get
                0x080009dc       0x14 ./Core/Src/app_config.o
                0x080009dc                app_config_get
 .text.app_config_map_speed_limit
                0x080009f0       0x34 ./Core/Src/app_config.o
                0x080009f0                app_config_map_speed_limit
 .text.app_config_map_turn_limit
                0x08000a24       0x30 ./Core/Src/app_config.o
                0x08000a24                app_config_map_turn_limit
 .text.app_config_map_safety_distance
                0x08000a54       0x34 ./Core/Src/app_config.o
                0x08000a54                app_config_map_safety_distance
 .text.app_platform_init
                0x08000a88       0x30 ./Core/Src/app_platform.o
                0x08000a88                app_platform_init
 .text.app_platform_start_pwm
                0x08000ab8       0x78 ./Core/Src/app_platform.o
                0x08000ab8                app_platform_start_pwm
 .text.app_platform_start_encoders
                0x08000b30       0x38 ./Core/Src/app_platform.o
                0x08000b30                app_platform_start_encoders
 .text.app_platform_start_adc_dma
                0x08000b68       0x28 ./Core/Src/app_platform.o
                0x08000b68                app_platform_start_adc_dma
 .text.app_platform_start_lidar_dma
                0x08000b90       0x44 ./Core/Src/app_platform.o
                0x08000b90                app_platform_start_lidar_dma
 .text.app_platform_get_adc_buffer
                0x08000bd4       0x14 ./Core/Src/app_platform.o
                0x08000bd4                app_platform_get_adc_buffer
 .text.app_platform_get_lidar_dma_buffer
                0x08000be8       0x14 ./Core/Src/app_platform.o
                0x08000be8                app_platform_get_lidar_dma_buffer
 .text.app_platform_get_lidar_dma_buffer_size
                0x08000bfc       0x12 ./Core/Src/app_platform.o
                0x08000bfc                app_platform_get_lidar_dma_buffer_size
 *fill*         0x08000c0e        0x2 
 .text.app_platform_motor_tim
                0x08000c10       0x14 ./Core/Src/app_platform.o
                0x08000c10                app_platform_motor_tim
 .text.app_platform_left_encoder_tim
                0x08000c24       0x14 ./Core/Src/app_platform.o
                0x08000c24                app_platform_left_encoder_tim
 .text.app_platform_right_encoder_tim
                0x08000c38       0x14 ./Core/Src/app_platform.o
                0x08000c38                app_platform_right_encoder_tim
 .text.app_platform_lidar_uart
                0x08000c4c       0x14 ./Core/Src/app_platform.o
                0x08000c4c                app_platform_lidar_uart
 .text.app_platform_bt_uart
                0x08000c60       0x14 ./Core/Src/app_platform.o
                0x08000c60                app_platform_bt_uart
 .text.app_platform_i2c
                0x08000c74       0x14 ./Core/Src/app_platform.o
                0x08000c74                app_platform_i2c
 .text.app_platform_i2c_acquire
                0x08000c88       0x38 ./Core/Src/app_platform.o
                0x08000c88                app_platform_i2c_acquire
 .text.app_platform_i2c_release
                0x08000cc0       0x24 ./Core/Src/app_platform.o
                0x08000cc0                app_platform_i2c_release
 .text.app_platform_status_led_write
                0x08000ce4       0x24 ./Core/Src/app_platform.o
                0x08000ce4                app_platform_status_led_write
 .text.app_state_lock
                0x08000d08       0x24 ./Core/Src/app_state.o
 .text.app_state_unlock
                0x08000d2c       0x24 ./Core/Src/app_state.o
 .text.app_state_init
                0x08000d50       0x54 ./Core/Src/app_state.o
                0x08000d50                app_state_init
 .text.app_state_submit_command
                0x08000da4       0x3c ./Core/Src/app_state.o
                0x08000da4                app_state_submit_command
 .text.app_state_wait_command
                0x08000de0       0x44 ./Core/Src/app_state.o
                0x08000de0                app_state_wait_command
 .text.app_state_set_mode
                0x08000e24       0x24 ./Core/Src/app_state.o
                0x08000e24                app_state_set_mode
 .text.app_state_get_mode
                0x08000e48       0x24 ./Core/Src/app_state.o
                0x08000e48                app_state_get_mode
 .text.app_state_set_fault
                0x08000e6c       0x3c ./Core/Src/app_state.o
                0x08000e6c                app_state_set_fault
 .text.app_state_clear_fault
                0x08000ea8       0x48 ./Core/Src/app_state.o
                0x08000ea8                app_state_clear_fault
 .text.app_state_can_start
                0x08000ef0       0x30 ./Core/Src/app_state.o
                0x08000ef0                app_state_can_start
 .text.app_state_cycle_page
                0x08000f20       0x28 ./Core/Src/app_state.o
                0x08000f20                app_state_cycle_page
 .text.app_state_set_bt_link
                0x08000f48       0x24 ./Core/Src/app_state.o
                0x08000f48                app_state_set_bt_link
 .text.app_state_apply_param_overrides
                0x08000f6c       0x9c ./Core/Src/app_state.o
                0x08000f6c                app_state_apply_param_overrides
 .text.app_state_set_param_override
                0x08001008       0x78 ./Core/Src/app_state.o
                0x08001008                app_state_set_param_override
 .text.app_state_clear_param_overrides
                0x08001080       0x20 ./Core/Src/app_state.o
                0x08001080                app_state_clear_param_overrides
 .text.app_state_set_wheel_setpoint
                0x080010a0       0x30 ./Core/Src/app_state.o
                0x080010a0                app_state_set_wheel_setpoint
 .text.app_state_set_pot_params
                0x080010d0       0x38 ./Core/Src/app_state.o
                0x080010d0                app_state_set_pot_params
 .text.app_state_set_wheel_state
                0x08001108       0x3c ./Core/Src/app_state.o
                0x08001108                app_state_set_wheel_state
 .text.app_state_set_pose
                0x08001144       0x34 ./Core/Src/app_state.o
                0x08001144                app_state_set_pose
 .text.app_state_set_lidar_frame
                0x08001178       0x40 ./Core/Src/app_state.o
                0x08001178                app_state_set_lidar_frame
 .text.app_state_set_imu_state
                0x080011b8       0x30 ./Core/Src/app_state.o
                0x080011b8                app_state_set_imu_state
 .text.app_state_get_snapshot
                0x080011e8       0x40 ./Core/Src/app_state.o
                0x080011e8                app_state_get_snapshot
 .text.app_state_mode_string
                0x08001228       0x68 ./Core/Src/app_state.o
                0x08001228                app_state_mode_string
 .text.app_tasks_read_pots
                0x08001290       0x86 ./Core/Src/app_tasks.o
 *fill*         0x08001316        0x2 
 .text.app_tasks_apply_command
                0x08001318       0x90 ./Core/Src/app_tasks.o
 .text.app_task_supervisor
                0x080013a8       0xf2 ./Core/Src/app_tasks.o
 *fill*         0x0800149a        0x2 
 .text.app_task_control
                0x0800149c       0x9c ./Core/Src/app_tasks.o
 .text.app_task_perception
                0x08001538       0x94 ./Core/Src/app_tasks.o
 .text.app_task_ui
                0x080015cc       0x42 ./Core/Src/app_tasks.o
 *fill*         0x0800160e        0x2 
 .text.app_tasks_bootstrap
                0x08001610      0x220 ./Core/Src/app_tasks.o
                0x08001610                app_tasks_bootstrap
 .text.buttons_init
                0x08001830       0x78 ./Core/Src/buttons.o
                0x08001830                buttons_init
 .text.buttons_poll
                0x080018a8       0xc4 ./Core/Src/buttons.o
                0x080018a8                buttons_poll
 .text.encoder_read_counter
                0x0800196c       0x1a ./Core/Src/encoder.o
 .text.encoder_unwrap_delta
                0x08001986       0x42 ./Core/Src/encoder.o
 .text.encoder_init
                0x080019c8       0x44 ./Core/Src/encoder.o
                0x080019c8                encoder_init
 .text.encoder_sample
                0x08001a0c      0x104 ./Core/Src/encoder.o
                0x08001a0c                encoder_sample
 .text.vApplicationGetIdleTaskMemory
                0x08001b10       0x34 ./Core/Src/freertos.o
                0x08001b10                vApplicationGetIdleTaskMemory
 .text.imu_mpu6500_write_reg
                0x08001b44       0x64 ./Core/Src/imu_mpu6500.o
 .text.imu_mpu6500_read_regs
                0x08001ba8       0x74 ./Core/Src/imu_mpu6500.o
 .text.imu_mpu6500_init
                0x08001c1c       0x94 ./Core/Src/imu_mpu6500.o
                0x08001c1c                imu_mpu6500_init
 .text.imu_mpu6500_poll
                0x08001cb0       0xb8 ./Core/Src/imu_mpu6500.o
                0x08001cb0                imu_mpu6500_poll
 .text.lidar_send_command
                0x08001d68       0x2a ./Core/Src/lidar.o
 *fill*         0x08001d92        0x2 
 .text.lidar_shift_descriptor
                0x08001d94       0x48 ./Core/Src/lidar.o
 .text.lidar_try_parse_standard_node
                0x08001ddc       0xc4 ./Core/Src/lidar.o
 .text.lidar_consume_byte
                0x08001ea0       0x5c ./Core/Src/lidar.o
 .text.lidar_init
                0x08001efc       0x2c ./Core/Src/lidar.o
                0x08001efc                lidar_init
 .text.lidar_process_dma
                0x08001f28       0x9c ./Core/Src/lidar.o
                0x08001f28                lidar_process_dma
 .text.lidar_get_latest
                0x08001fc4       0x28 ./Core/Src/lidar.o
                0x08001fc4                lidar_get_latest
 .text.lidar_is_ready
                0x08001fec       0x18 ./Core/Src/lidar.o
                0x08001fec                lidar_is_ready
 .text.main     0x08002004       0x64 ./Core/Src/main.o
                0x08002004                main
 .text.SystemClock_Config
                0x08002068       0xe8 ./Core/Src/main.o
                0x08002068                SystemClock_Config
 .text.MX_ADC1_Init
                0x08002150       0xdc ./Core/Src/main.o
 .text.MX_I2C1_Init
                0x0800222c       0x5c ./Core/Src/main.o
 .text.MX_TIM2_Init
                0x08002288       0xa8 ./Core/Src/main.o
 .text.MX_TIM3_Init
                0x08002330      0x130 ./Core/Src/main.o
 .text.MX_TIM4_Init
                0x08002460       0xa8 ./Core/Src/main.o
 .text.MX_USART1_UART_Init
                0x08002508       0x54 ./Core/Src/main.o
 .text.MX_USART2_UART_Init
                0x0800255c       0x54 ./Core/Src/main.o
 .text.MX_DMA_Init
                0x080025b0       0x50 ./Core/Src/main.o
 .text.MX_GPIO_Init
                0x08002600       0xd8 ./Core/Src/main.o
 .text.HAL_UART_RxCpltCallback
                0x080026d8       0x16 ./Core/Src/main.o
                0x080026d8                HAL_UART_RxCpltCallback
 .text.StartDefaultTask
                0x080026ee       0x32 ./Core/Src/main.o
                0x080026ee                StartDefaultTask
 .text.HAL_TIM_PeriodElapsedCallback
                0x08002720       0x24 ./Core/Src/main.o
                0x08002720                HAL_TIM_PeriodElapsedCallback
 .text.Error_Handler
                0x08002744        0xc ./Core/Src/main.o
                0x08002744                Error_Handler
 .text.motor_control_clampf
                0x08002750       0x52 ./Core/Src/motor_control.o
 *fill*         0x080027a2        0x2 
 .text.motor_control_pid_step
                0x080027a4       0xf8 ./Core/Src/motor_control.o
 .text.motor_control_apply_channel_pair
                0x0800289c      0x150 ./Core/Src/motor_control.o
 .text.motor_control_init
                0x080029ec       0x8c ./Core/Src/motor_control.o
                0x080029ec                motor_control_init
 .text.motor_control_enable
                0x08002a78       0x2c ./Core/Src/motor_control.o
                0x08002a78                motor_control_enable
 .text.motor_control_update
                0x08002aa4       0xb8 ./Core/Src/motor_control.o
                0x08002aa4                motor_control_update
 .text.motor_control_safe_stop
                0x08002b5c       0x7c ./Core/Src/motor_control.o
                0x08002b5c                motor_control_safe_stop
 .text.odometry_wrap_angle
                0x08002bd8       0x74 ./Core/Src/odometry.o
 .text.odometry_init
                0x08002c4c        0xc ./Core/Src/odometry.o
                0x08002c4c                odometry_init
 .text.odometry_reset
                0x08002c58       0x38 ./Core/Src/odometry.o
                0x08002c58                odometry_reset
 .text.odometry_update
                0x08002c90      0x1d0 ./Core/Src/odometry.o
                0x08002c90                odometry_update
 .text.safety_init
                0x08002e60       0x18 ./Core/Src/safety.o
                0x08002e60                safety_init
 .text.safety_safe_stop
                0x08002e78       0x12 ./Core/Src/safety.o
                0x08002e78                safety_safe_stop
 .text.safety_handle_fault
                0x08002e8a       0x26 ./Core/Src/safety.o
                0x08002e8a                safety_handle_fault
 .text.safety_periodic_check
                0x08002eb0       0x50 ./Core/Src/safety.o
                0x08002eb0                safety_periodic_check
 .text.HAL_MspInit
                0x08002f00       0x58 ./Core/Src/stm32f4xx_hal_msp.o
                0x08002f00                HAL_MspInit
 .text.HAL_ADC_MspInit
                0x08002f58       0xf0 ./Core/Src/stm32f4xx_hal_msp.o
                0x08002f58                HAL_ADC_MspInit
 .text.HAL_I2C_MspInit
                0x08003048       0xb0 ./Core/Src/stm32f4xx_hal_msp.o
                0x08003048                HAL_I2C_MspInit
 .text.HAL_TIM_Encoder_MspInit
                0x080030f8      0x134 ./Core/Src/stm32f4xx_hal_msp.o
                0x080030f8                HAL_TIM_Encoder_MspInit
 .text.HAL_TIM_Base_MspInit
                0x0800322c       0x44 ./Core/Src/stm32f4xx_hal_msp.o
                0x0800322c                HAL_TIM_Base_MspInit
 .text.HAL_TIM_MspPostInit
                0x08003270       0xb4 ./Core/Src/stm32f4xx_hal_msp.o
                0x08003270                HAL_TIM_MspPostInit
 .text.HAL_UART_MspInit
                0x08003324      0x180 ./Core/Src/stm32f4xx_hal_msp.o
                0x08003324                HAL_UART_MspInit
 .text.HAL_InitTick
                0x080034a4       0xf8 ./Core/Src/stm32f4xx_hal_timebase_tim.o
                0x080034a4                HAL_InitTick
 .text.NMI_Handler
                0x0800359c        0x8 ./Core/Src/stm32f4xx_it.o
                0x0800359c                NMI_Handler
 .text.HardFault_Handler
                0x080035a4        0x8 ./Core/Src/stm32f4xx_it.o
                0x080035a4                HardFault_Handler
 .text.MemManage_Handler
                0x080035ac        0x8 ./Core/Src/stm32f4xx_it.o
                0x080035ac                MemManage_Handler
 .text.BusFault_Handler
                0x080035b4        0x8 ./Core/Src/stm32f4xx_it.o
                0x080035b4                BusFault_Handler
 .text.UsageFault_Handler
                0x080035bc        0x8 ./Core/Src/stm32f4xx_it.o
                0x080035bc                UsageFault_Handler
 .text.DebugMon_Handler
                0x080035c4        0xe ./Core/Src/stm32f4xx_it.o
                0x080035c4                DebugMon_Handler
 *fill*         0x080035d2        0x2 
 .text.I2C1_EV_IRQHandler
                0x080035d4       0x14 ./Core/Src/stm32f4xx_it.o
                0x080035d4                I2C1_EV_IRQHandler
 .text.I2C1_ER_IRQHandler
                0x080035e8       0x14 ./Core/Src/stm32f4xx_it.o
                0x080035e8                I2C1_ER_IRQHandler
 .text.USART1_IRQHandler
                0x080035fc       0x14 ./Core/Src/stm32f4xx_it.o
                0x080035fc                USART1_IRQHandler
 .text.USART2_IRQHandler
                0x08003610       0x14 ./Core/Src/stm32f4xx_it.o
                0x08003610                USART2_IRQHandler
 .text.TIM6_DAC_IRQHandler
                0x08003624       0x14 ./Core/Src/stm32f4xx_it.o
                0x08003624                TIM6_DAC_IRQHandler
 .text.DMA2_Stream0_IRQHandler
                0x08003638       0x14 ./Core/Src/stm32f4xx_it.o
                0x08003638                DMA2_Stream0_IRQHandler
 .text.DMA2_Stream2_IRQHandler
                0x0800364c       0x14 ./Core/Src/stm32f4xx_it.o
                0x0800364c                DMA2_Stream2_IRQHandler
 .text._sbrk    0x08003660       0x6c ./Core/Src/sysmem.o
                0x08003660                _sbrk
 .text.SystemInit
                0x080036cc       0x24 ./Core/Src/system_stm32f4xx.o
                0x080036cc                SystemInit
 .text.telemetry_bt_send_text
                0x080036f0       0x32 ./Core/Src/telemetry_bt.o
 *fill*         0x08003722        0x2 
 .text.telemetry_bt_send_ok
                0x08003724       0x3c ./Core/Src/telemetry_bt.o
 .text.telemetry_bt_send_error
                0x08003760       0x3c ./Core/Src/telemetry_bt.o
 .text.telemetry_bt_match_command
                0x0800379c       0x26 ./Core/Src/telemetry_bt.o
 *fill*         0x080037c2        0x2 
 .text.telemetry_bt_parse_line
                0x080037c4      0x1fc ./Core/Src/telemetry_bt.o
 .text.telemetry_bt_init
                0x080039c0       0x40 ./Core/Src/telemetry_bt.o
                0x080039c0                telemetry_bt_init
 .text.telemetry_bt_process_rx
                0x08003a00       0xd8 ./Core/Src/telemetry_bt.o
                0x08003a00                telemetry_bt_process_rx
 .text.telemetry_bt_send_periodic
                0x08003ad8      0x18c ./Core/Src/telemetry_bt.o
                0x08003ad8                telemetry_bt_send_periodic
 .text.telemetry_bt_on_rx_complete
                0x08003c64       0x80 ./Core/Src/telemetry_bt.o
                0x08003c64                telemetry_bt_on_rx_complete
 .text.ui_oled_write_command
                0x08003ce4       0x68 ./Core/Src/ui_oled.o
 .text.ui_oled_write_data
                0x08003d4c       0xaa ./Core/Src/ui_oled.o
 *fill*         0x08003df6        0x2 
 .text.ui_oled_get_glyph
                0x08003df8      0x114 ./Core/Src/ui_oled.o
 .text.ui_oled_clear_buffer
                0x08003f0c       0x18 ./Core/Src/ui_oled.o
 .text.ui_oled_draw_char
                0x08003f24       0x78 ./Core/Src/ui_oled.o
 .text.ui_oled_draw_text
                0x08003f9c       0x48 ./Core/Src/ui_oled.o
 .text.ui_oled_flush
                0x08003fe4       0x84 ./Core/Src/ui_oled.o
 .text.ui_oled_init
                0x08004068       0x6c ./Core/Src/ui_oled.o
                0x08004068                ui_oled_init
 .text.ui_oled_render
                0x080040d4      0x2a0 ./Core/Src/ui_oled.o
                0x080040d4                ui_oled_render
 .text.Reset_Handler
                0x08004374       0x50 ./Core/Startup/startup_stm32f446retx.o
                0x08004374                Reset_Handler
 .text.Default_Handler
                0x080043c4        0x2 ./Core/Startup/startup_stm32f446retx.o
                0x080043c4                DMA1_Stream3_IRQHandler
                0x080043c4                EXTI2_IRQHandler
                0x080043c4                TIM8_CC_IRQHandler
                0x080043c4                FMPI2C1_EV_IRQHandler
                0x080043c4                SPI4_IRQHandler
                0x080043c4                TIM1_CC_IRQHandler
                0x080043c4                DMA2_Stream5_IRQHandler
                0x080043c4                DMA1_Stream5_IRQHandler
                0x080043c4                PVD_IRQHandler
                0x080043c4                SDIO_IRQHandler
                0x080043c4                TAMP_STAMP_IRQHandler
                0x080043c4                CAN2_RX1_IRQHandler
                0x080043c4                EXTI3_IRQHandler
                0x080043c4                TIM8_TRG_COM_TIM14_IRQHandler
                0x080043c4                TIM1_UP_TIM10_IRQHandler
                0x080043c4                TIM8_UP_TIM13_IRQHandler
                0x080043c4                I2C3_ER_IRQHandler
                0x080043c4                EXTI0_IRQHandler
                0x080043c4                I2C2_EV_IRQHandler
                0x080043c4                DMA1_Stream2_IRQHandler
                0x080043c4                CAN1_RX0_IRQHandler
                0x080043c4                FPU_IRQHandler
                0x080043c4                OTG_HS_WKUP_IRQHandler
                0x080043c4                CAN2_SCE_IRQHandler
                0x080043c4                SPI1_IRQHandler
                0x080043c4                TIM1_BRK_TIM9_IRQHandler
                0x080043c4                DCMI_IRQHandler
                0x080043c4                CAN2_RX0_IRQHandler
                0x080043c4                DMA2_Stream3_IRQHandler
                0x080043c4                SAI2_IRQHandler
                0x080043c4                USART6_IRQHandler
                0x080043c4                USART3_IRQHandler
                0x080043c4                CAN1_RX1_IRQHandler
                0x080043c4                UART5_IRQHandler
                0x080043c4                TIM4_IRQHandler
                0x080043c4                QUADSPI_IRQHandler
                0x080043c4                DMA1_Stream6_IRQHandler
                0x080043c4                DMA1_Stream1_IRQHandler
                0x080043c4                UART4_IRQHandler
                0x080043c4                TIM3_IRQHandler
                0x080043c4                RCC_IRQHandler
                0x080043c4                TIM8_BRK_TIM12_IRQHandler
                0x080043c4                Default_Handler
                0x080043c4                CEC_IRQHandler
                0x080043c4                EXTI15_10_IRQHandler
                0x080043c4                ADC_IRQHandler
                0x080043c4                DMA1_Stream7_IRQHandler
                0x080043c4                TIM7_IRQHandler
                0x080043c4                CAN2_TX_IRQHandler
                0x080043c4                TIM5_IRQHandler
                0x080043c4                DMA2_Stream7_IRQHandler
                0x080043c4                I2C3_EV_IRQHandler
                0x080043c4                EXTI9_5_IRQHandler
                0x080043c4                RTC_WKUP_IRQHandler
                0x080043c4                SPDIF_RX_IRQHandler
                0x080043c4                SPI2_IRQHandler
                0x080043c4                OTG_HS_EP1_IN_IRQHandler
                0x080043c4                DMA1_Stream0_IRQHandler
                0x080043c4                CAN1_TX_IRQHandler
                0x080043c4                FMPI2C1_ER_IRQHandler
                0x080043c4                EXTI4_IRQHandler
                0x080043c4                OTG_HS_EP1_OUT_IRQHandler
                0x080043c4                WWDG_IRQHandler
                0x080043c4                TIM2_IRQHandler
                0x080043c4                OTG_FS_WKUP_IRQHandler
                0x080043c4                TIM1_TRG_COM_TIM11_IRQHandler
                0x080043c4                OTG_HS_IRQHandler
                0x080043c4                EXTI1_IRQHandler
                0x080043c4                I2C2_ER_IRQHandler
                0x080043c4                DMA2_Stream1_IRQHandler
                0x080043c4                CAN1_SCE_IRQHandler
                0x080043c4                FLASH_IRQHandler
                0x080043c4                DMA2_Stream4_IRQHandler
                0x080043c4                OTG_FS_IRQHandler
                0x080043c4                SPI3_IRQHandler
                0x080043c4                DMA1_Stream4_IRQHandler
                0x080043c4                FMC_IRQHandler
                0x080043c4                DMA2_Stream6_IRQHandler
                0x080043c4                SAI1_IRQHandler
                0x080043c4                RTC_Alarm_IRQHandler
 *fill*         0x080043c6        0x2 
 .text.HAL_Init
                0x080043c8       0x44 ./Drivers/STM32F4xx_HAL_Driver/Src/stm32f4xx_hal.o
                0x080043c8                HAL_Init
 .text.HAL_IncTick
                0x0800440c       0x28 ./Drivers/STM32F4xx_HAL_Driver/Src/stm32f4xx_hal.o
                0x0800440c                HAL_IncTick
 .text.HAL_GetTick
                0x08004434       0x18 ./Drivers/STM32F4xx_HAL_Driver/Src/stm32f4xx_hal.o
                0x08004434                HAL_GetTick
 .text.HAL_Delay
                0x0800444c       0x48 ./Drivers/STM32F4xx_HAL_Driver/Src/stm32f4xx_hal.o
                0x0800444c                HAL_Delay
 .text.HAL_ADC_Init
                0x08004494       0x86 ./Drivers/STM32F4xx_HAL_Driver/Src/stm32f4xx_hal_adc.o
                0x08004494                HAL_ADC_Init
 *fill*         0x0800451a        0x2 
 .text.HAL_ADC_Start_DMA
                0x0800451c      0x228 ./Drivers/STM32F4xx_HAL_Driver/Src/stm32f4xx_hal_adc.o
                0x0800451c                HAL_ADC_Start_DMA
 .text.HAL_ADC_ConvCpltCallback
                0x08004744       0x14 ./Drivers/STM32F4xx_HAL_Driver/Src/stm32f4xx_hal_adc.o
                0x08004744                HAL_ADC_ConvCpltCallback
 .text.HAL_ADC_ConvHalfCpltCallback
                0x08004758       0x14 ./Drivers/STM32F4xx_HAL_Driver/Src/stm32f4xx_hal_adc.o
                0x08004758                HAL_ADC_ConvHalfCpltCallback
 .text.HAL_ADC_ErrorCallback
                0x0800476c       0x14 ./Drivers/STM32F4xx_HAL_Driver/Src/stm32f4xx_hal_adc.o
                0x0800476c                HAL_ADC_ErrorCallback
 .text.HAL_ADC_ConfigChannel
                0x08004780      0x264 ./Drivers/STM32F4xx_HAL_Driver/Src/stm32f4xx_hal_adc.o
                0x08004780                HAL_ADC_ConfigChannel
 .text.ADC_Init
                0x080049e4      0x1f8 ./Drivers/STM32F4xx_HAL_Driver/Src/stm32f4xx_hal_adc.o
 .text.ADC_DMAConvCplt
                0x08004bdc       0xba ./Drivers/STM32F4xx_HAL_Driver/Src/stm32f4xx_hal_adc.o
 .text.ADC_DMAHalfConvCplt
                0x08004c96       0x1c ./Drivers/STM32F4xx_HAL_Driver/Src/stm32f4xx_hal_adc.o
 .text.ADC_DMAError
                0x08004cb2       0x2e ./Drivers/STM32F4xx_HAL_Driver/Src/stm32f4xx_hal_adc.o
 .text.__NVIC_SetPriorityGrouping
                0x08004ce0       0x48 ./Drivers/STM32F4xx_HAL_Driver/Src/stm32f4xx_hal_cortex.o
 .text.__NVIC_GetPriorityGrouping
                0x08004d28       0x1c ./Drivers/STM32F4xx_HAL_Driver/Src/stm32f4xx_hal_cortex.o
 .text.__NVIC_EnableIRQ
                0x08004d44       0x3c ./Drivers/STM32F4xx_HAL_Driver/Src/stm32f4xx_hal_cortex.o
 .text.__NVIC_SetPriority
                0x08004d80       0x54 ./Drivers/STM32F4xx_HAL_Driver/Src/stm32f4xx_hal_cortex.o
 .text.NVIC_EncodePriority
                0x08004dd4       0x66 ./Drivers/STM32F4xx_HAL_Driver/Src/stm32f4xx_hal_cortex.o
 .text.HAL_NVIC_SetPriorityGrouping
                0x08004e3a       0x16 ./Drivers/STM32F4xx_HAL_Driver/Src/stm32f4xx_hal_cortex.o
                0x08004e3a                HAL_NVIC_SetPriorityGrouping
 .text.HAL_NVIC_SetPriority
                0x08004e50       0x38 ./Drivers/STM32F4xx_HAL_Driver/Src/stm32f4xx_hal_cortex.o
                0x08004e50                HAL_NVIC_SetPriority
 .text.HAL_NVIC_EnableIRQ
                0x08004e88       0x1c ./Drivers/STM32F4xx_HAL_Driver/Src/stm32f4xx_hal_cortex.o
                0x08004e88                HAL_NVIC_EnableIRQ
 .text.HAL_DMA_Init
                0x08004ea4      0x15c ./Drivers/STM32F4xx_HAL_Driver/Src/stm32f4xx_hal_dma.o
                0x08004ea4                HAL_DMA_Init
 .text.HAL_DMA_Start_IT
                0x08005000       0xb0 ./Drivers/STM32F4xx_HAL_Driver/Src/stm32f4xx_hal_dma.o
                0x08005000                HAL_DMA_Start_IT
 .text.HAL_DMA_Abort
                0x080050b0       0xe0 ./Drivers/STM32F4xx_HAL_Driver/Src/stm32f4xx_hal_dma.o
                0x080050b0                HAL_DMA_Abort
 .text.HAL_DMA_Abort_IT
                0x08005190       0x44 ./Drivers/STM32F4xx_HAL_Driver/Src/stm32f4xx_hal_dma.o
                0x08005190                HAL_DMA_Abort_IT
 .text.HAL_DMA_IRQHandler
                0x080051d4      0x314 ./Drivers/STM32F4xx_HAL_Driver/Src/stm32f4xx_hal_dma.o
                0x080051d4                HAL_DMA_IRQHandler
 .text.HAL_DMA_GetState
                0x080054e8       0x1c ./Drivers/STM32F4xx_HAL_Driver/Src/stm32f4xx_hal_dma.o
                0x080054e8                HAL_DMA_GetState
 .text.DMA_SetConfig
                0x08005504       0x5c ./Drivers/STM32F4xx_HAL_Driver/Src/stm32f4xx_hal_dma.o
 .text.DMA_CalcBaseAndBitshift
                0x08005560       0x6c ./Drivers/STM32F4xx_HAL_Driver/Src/stm32f4xx_hal_dma.o
 .text.DMA_CheckFifoParam
                0x080055cc       0xf8 ./Drivers/STM32F4xx_HAL_Driver/Src/stm32f4xx_hal_dma.o
 .text.HAL_GPIO_Init
                0x080056c4      0x328 ./Drivers/STM32F4xx_HAL_Driver/Src/stm32f4xx_hal_gpio.o
                0x080056c4                HAL_GPIO_Init
 .text.HAL_GPIO_ReadPin
                0x080059ec       0x30 ./Drivers/STM32F4xx_HAL_Driver/Src/stm32f4xx_hal_gpio.o
                0x080059ec                HAL_GPIO_ReadPin
 .text.HAL_GPIO_WritePin
                0x08005a1c       0x32 ./Drivers/STM32F4xx_HAL_Driver/Src/stm32f4xx_hal_gpio.o
                0x08005a1c                HAL_GPIO_WritePin
 *fill*         0x08005a4e        0x2 
 .text.HAL_I2C_Init
                0x08005a50      0x288 ./Drivers/STM32F4xx_HAL_Driver/Src/stm32f4xx_hal_i2c.o
                0x08005a50                HAL_I2C_Init
 .text.I2C_Flush_DR
                0x08005cd8       0x2a ./Drivers/STM32F4xx_HAL_Driver/Src/stm32f4xx_hal_i2c.o
 *fill*         0x08005d02        0x2 
 .text.HAL_I2C_Master_Transmit
                0x08005d04      0x1fc ./Drivers/STM32F4xx_HAL_Driver/Src/stm32f4xx_hal_i2c.o
                0x08005d04                HAL_I2C_Master_Transmit
 .text.HAL_I2C_Mem_Write
                0x08005f00      0x1f4 ./Drivers/STM32F4xx_HAL_Driver/Src/stm32f4xx_hal_i2c.o
                0x08005f00                HAL_I2C_Mem_Write
 .text.HAL_I2C_Mem_Read
                0x080060f4      0x464 ./Drivers/STM32F4xx_HAL_Driver/Src/stm32f4xx_hal_i2c.o
                0x080060f4                HAL_I2C_Mem_Read
 .text.HAL_I2C_EV_IRQHandler
                0x08006558      0x2e2 ./Drivers/STM32F4xx_HAL_Driver/Src/stm32f4xx_hal_i2c.o
                0x08006558                HAL_I2C_EV_IRQHandler
 .text.HAL_I2C_ER_IRQHandler
                0x0800683a      0x14e ./Drivers/STM32F4xx_HAL_Driver/Src/stm32f4xx_hal_i2c.o
                0x0800683a                HAL_I2C_ER_IRQHandler
 .text.HAL_I2C_MasterTxCpltCallback
                0x08006988       0x14 ./Drivers/STM32F4xx_HAL_Driver/Src/stm32f4xx_hal_i2c.o
                0x08006988                HAL_I2C_MasterTxCpltCallback
 .text.HAL_I2C_MasterRxCpltCallback
                0x0800699c       0x14 ./Drivers/STM32F4xx_HAL_Driver/Src/stm32f4xx_hal_i2c.o
                0x0800699c                HAL_I2C_MasterRxCpltCallback
 .text.HAL_I2C_SlaveTxCpltCallback
                0x080069b0       0x14 ./Drivers/STM32F4xx_HAL_Driver/Src/stm32f4xx_hal_i2c.o
                0x080069b0                HAL_I2C_SlaveTxCpltCallback
 .text.HAL_I2C_SlaveRxCpltCallback
                0x080069c4       0x14 ./Drivers/STM32F4xx_HAL_Driver/Src/stm32f4xx_hal_i2c.o
                0x080069c4                HAL_I2C_SlaveRxCpltCallback
 .text.HAL_I2C_AddrCallback
                0x080069d8       0x1c ./Drivers/STM32F4xx_HAL_Driver/Src/stm32f4xx_hal_i2c.o
                0x080069d8                HAL_I2C_AddrCallback
 .text.HAL_I2C_ListenCpltCallback
                0x080069f4       0x14 ./Drivers/STM32F4xx_HAL_Driver/Src/stm32f4xx_hal_i2c.o
                0x080069f4                HAL_I2C_ListenCpltCallback
 .text.HAL_I2C_MemTxCpltCallback
                0x08006a08       0x14 ./Drivers/STM32F4xx_HAL_Driver/Src/stm32f4xx_hal_i2c.o
                0x08006a08                HAL_I2C_MemTxCpltCallback
 .text.HAL_I2C_MemRxCpltCallback
                0x08006a1c       0x14 ./Drivers/STM32F4xx_HAL_Driver/Src/stm32f4xx_hal_i2c.o
                0x08006a1c                HAL_I2C_MemRxCpltCallback
 .text.HAL_I2C_ErrorCallback
                0x08006a30       0x14 ./Drivers/STM32F4xx_HAL_Driver/Src/stm32f4xx_hal_i2c.o
                0x08006a30                HAL_I2C_ErrorCallback
 .text.HAL_I2C_AbortCpltCallback
                0x08006a44       0x14 ./Drivers/STM32F4xx_HAL_Driver/Src/stm32f4xx_hal_i2c.o
                0x08006a44                HAL_I2C_AbortCpltCallback
 .text.I2C_MasterTransmit_TXE
                0x08006a58      0x138 ./Drivers/STM32F4xx_HAL_Driver/Src/stm32f4xx_hal_i2c.o
 .text.I2C_MasterTransmit_BTF
                0x08006b90       0xec ./Drivers/STM32F4xx_HAL_Driver/Src/stm32f4xx_hal_i2c.o
 .text.I2C_MemoryTransmit_TXE_BTF
                0x08006c7c      0x130 ./Drivers/STM32F4xx_HAL_Driver/Src/stm32f4xx_hal_i2c.o
 .text.I2C_MasterReceive_RXNE
                0x08006dac      0x190 ./Drivers/STM32F4xx_HAL_Driver/Src/stm32f4xx_hal_i2c.o
 .text.I2C_MasterReceive_BTF
                0x08006f3c      0x1e2 ./Drivers/STM32F4xx_HAL_Driver/Src/stm32f4xx_hal_i2c.o
 .text.I2C_Master_SB
                0x0800711e      0x10c ./Drivers/STM32F4xx_HAL_Driver/Src/stm32f4xx_hal_i2c.o
 .text.I2C_Master_ADD10
                0x0800722a       0x54 ./Drivers/STM32F4xx_HAL_Driver/Src/stm32f4xx_hal_i2c.o
 .text.I2C_Master_ADDR
                0x0800727e      0x322 ./Drivers/STM32F4xx_HAL_Driver/Src/stm32f4xx_hal_i2c.o
 .text.I2C_SlaveTransmit_TXE
                0x080075a0       0x7a ./Drivers/STM32F4xx_HAL_Driver/Src/stm32f4xx_hal_i2c.o
 .text.I2C_SlaveTransmit_BTF
                0x0800761a       0x42 ./Drivers/STM32F4xx_HAL_Driver/Src/stm32f4xx_hal_i2c.o
 .text.I2C_SlaveReceive_RXNE
                0x0800765c       0x7c ./Drivers/STM32F4xx_HAL_Driver/Src/stm32f4xx_hal_i2c.o
 .text.I2C_SlaveReceive_BTF
                0x080076d8       0x44 ./Drivers/STM32F4xx_HAL_Driver/Src/stm32f4xx_hal_i2c.o
 .text.I2C_Slave_ADDR
                0x0800771c       0x94 ./Drivers/STM32F4xx_HAL_Driver/Src/stm32f4xx_hal_i2c.o
 .text.I2C_Slave_STOPF
                0x080077b0      0x260 ./Drivers/STM32F4xx_HAL_Driver/Src/stm32f4xx_hal_i2c.o
 .text.I2C_Slave_AF
                0x08007a10       0xe8 ./Drivers/STM32F4xx_HAL_Driver/Src/stm32f4xx_hal_i2c.o
 .text.I2C_ITError
                0x08007af8      0x264 ./Drivers/STM32F4xx_HAL_Driver/Src/stm32f4xx_hal_i2c.o
 .text.I2C_MasterRequestWrite
                0x08007d5c      0x104 ./Drivers/STM32F4xx_HAL_Driver/Src/stm32f4xx_hal_i2c.o
 .text.I2C_RequestMemoryWrite
                0x08007e60      0x12c ./Drivers/STM32F4xx_HAL_Driver/Src/stm32f4xx_hal_i2c.o
 .text.I2C_RequestMemoryRead
                0x08007f8c      0x1d0 ./Drivers/STM32F4xx_HAL_Driver/Src/stm32f4xx_hal_i2c.o
 .text.I2C_DMAAbort
                0x0800815c      0x150 ./Drivers/STM32F4xx_HAL_Driver/Src/stm32f4xx_hal_i2c.o
 .text.I2C_WaitOnFlagUntilTimeout
                0x080082ac       0xf4 ./Drivers/STM32F4xx_HAL_Driver/Src/stm32f4xx_hal_i2c.o
 .text.I2C_WaitOnMasterAddressFlagUntilTimeout
                0x080083a0      0x140 ./Drivers/STM32F4xx_HAL_Driver/Src/stm32f4xx_hal_i2c.o
 .text.I2C_WaitOnTXEFlagUntilTimeout
                0x080084e0       0x90 ./Drivers/STM32F4xx_HAL_Driver/Src/stm32f4xx_hal_i2c.o
 .text.I2C_WaitOnBTFFlagUntilTimeout
                0x08008570       0x90 ./Drivers/STM32F4xx_HAL_Driver/Src/stm32f4xx_hal_i2c.o
 .text.I2C_WaitOnSTOPRequestThroughIT
                0x08008600       0x64 ./Drivers/STM32F4xx_HAL_Driver/Src/stm32f4xx_hal_i2c.o
 .text.I2C_WaitOnRXNEFlagUntilTimeout
                0x08008664       0xba ./Drivers/STM32F4xx_HAL_Driver/Src/stm32f4xx_hal_i2c.o
 .text.I2C_IsAcknowledgeFailed
                0x0800871e       0x5e ./Drivers/STM32F4xx_HAL_Driver/Src/stm32f4xx_hal_i2c.o
 .text.I2C_ConvertOtherXferOptions
                0x0800877c       0x36 ./Drivers/STM32F4xx_HAL_Driver/Src/stm32f4xx_hal_i2c.o
 *fill*         0x080087b2        0x2 
 .text.HAL_PWREx_EnableOverDrive
                0x080087b4       0xa0 ./Drivers/STM32F4xx_HAL_Driver/Src/stm32f4xx_hal_pwr_ex.o
                0x080087b4                HAL_PWREx_EnableOverDrive
 .text.HAL_RCC_ClockConfig
                0x08008854      0x1cc ./Drivers/STM32F4xx_HAL_Driver/Src/stm32f4xx_hal_rcc.o
                0x08008854                HAL_RCC_ClockConfig
 .text.HAL_RCC_GetHCLKFreq
                0x08008a20       0x18 ./Drivers/STM32F4xx_HAL_Driver/Src/stm32f4xx_hal_rcc.o
                0x08008a20                HAL_RCC_GetHCLKFreq
 .text.HAL_RCC_GetPCLK1Freq
                0x08008a38       0x28 ./Drivers/STM32F4xx_HAL_Driver/Src/stm32f4xx_hal_rcc.o
                0x08008a38                HAL_RCC_GetPCLK1Freq
 .text.HAL_RCC_GetPCLK2Freq
                0x08008a60       0x28 ./Drivers/STM32F4xx_HAL_Driver/Src/stm32f4xx_hal_rcc.o
                0x08008a60                HAL_RCC_GetPCLK2Freq
 .text.HAL_RCC_GetClockConfig
                0x08008a88       0x64 ./Drivers/STM32F4xx_HAL_Driver/Src/stm32f4xx_hal_rcc.o
                0x08008a88                HAL_RCC_GetClockConfig
 .text.HAL_RCC_GetSysClockFreq
                0x08008aec      0x460 ./Drivers/STM32F4xx_HAL_Driver/Src/stm32f4xx_hal_rcc_ex.o
                0x08008aec                HAL_RCC_GetSysClockFreq
 .text.HAL_RCC_OscConfig
                0x08008f4c      0x53c ./Drivers/STM32F4xx_HAL_Driver/Src/stm32f4xx_hal_rcc_ex.o
                0x08008f4c                HAL_RCC_OscConfig
 .text.HAL_TIM_Base_Init
                0x08009488       0x9e ./Drivers/STM32F4xx_HAL_Driver/Src/stm32f4xx_hal_tim.o
                0x08009488                HAL_TIM_Base_Init
 *fill*         0x08009526        0x2 
 .text.HAL_TIM_Base_Start_IT
                0x08009528       0xe0 ./Drivers/STM32F4xx_HAL_Driver/Src/stm32f4xx_hal_tim.o
                0x08009528                HAL_TIM_Base_Start_IT
 .text.HAL_TIM_PWM_Init
                0x08009608       0x9e ./Drivers/STM32F4xx_HAL_Driver/Src/stm32f4xx_hal_tim.o
                0x08009608                HAL_TIM_PWM_Init
 .text.HAL_TIM_PWM_MspInit
                0x080096a6       0x14 ./Drivers/STM32F4xx_HAL_Driver/Src/stm32f4xx_hal_tim.o
                0x080096a6                HAL_TIM_PWM_MspInit
 *fill*         0x080096ba        0x2 
 .text.HAL_TIM_PWM_Start
                0x080096bc      0x190 ./Drivers/STM32F4xx_HAL_Driver/Src/stm32f4xx_hal_tim.o
                0x080096bc                HAL_TIM_PWM_Start
 .text.HAL_TIM_Encoder_Init
                0x0800984c      0x14c ./Drivers/STM32F4xx_HAL_Driver/Src/stm32f4xx_hal_tim.o
                0x0800984c                HAL_TIM_Encoder_Init
 .text.HAL_TIM_Encoder_Start
                0x08009998      0x11c ./Drivers/STM32F4xx_HAL_Driver/Src/stm32f4xx_hal_tim.o
                0x08009998                HAL_TIM_Encoder_Start
 .text.HAL_TIM_IRQHandler
                0x08009ab4      0x1e0 ./Drivers/STM32F4xx_HAL_Driver/Src/stm32f4xx_hal_tim.o
                0x08009ab4                HAL_TIM_IRQHandler
 .text.HAL_TIM_PWM_ConfigChannel
                0x08009c94      0x184 ./Drivers/STM32F4xx_HAL_Driver/Src/stm32f4xx_hal_tim.o
                0x08009c94                HAL_TIM_PWM_ConfigChannel
 .text.HAL_TIM_ConfigClockSource
                0x08009e18      0x18e ./Drivers/STM32F4xx_HAL_Driver/Src/stm32f4xx_hal_tim.o
                0x08009e18                HAL_TIM_ConfigClockSource
 .text.HAL_TIM_OC_DelayElapsedCallback
                0x08009fa6       0x14 ./Drivers/STM32F4xx_HAL_Driver/Src/stm32f4xx_hal_tim.o
                0x08009fa6                HAL_TIM_OC_DelayElapsedCallback
 .text.HAL_TIM_IC_CaptureCallback
                0x08009fba       0x14 ./Drivers/STM32F4xx_HAL_Driver/Src/stm32f4xx_hal_tim.o
                0x08009fba                HAL_TIM_IC_CaptureCallback
 .text.HAL_TIM_PWM_PulseFinishedCallback
                0x08009fce       0x14 ./Drivers/STM32F4xx_HAL_Driver/Src/stm32f4xx_hal_tim.o
                0x08009fce                HAL_TIM_PWM_PulseFinishedCallback
 .text.HAL_TIM_TriggerCallback
                0x08009fe2       0x14 ./Drivers/STM32F4xx_HAL_Driver/Src/stm32f4xx_hal_tim.o
                0x08009fe2                HAL_TIM_TriggerCallback
 *fill*         0x08009ff6        0x2 
 .text.TIM_Base_SetConfig
                0x08009ff8      0x14c ./Drivers/STM32F4xx_HAL_Driver/Src/stm32f4xx_hal_tim.o
                0x08009ff8                TIM_Base_SetConfig
 .text.TIM_OC1_SetConfig
                0x0800a144       0xe0 ./Drivers/STM32F4xx_HAL_Driver/Src/stm32f4xx_hal_tim.o
 .text.TIM_OC2_SetConfig
                0x0800a224       0xec ./Drivers/STM32F4xx_HAL_Driver/Src/stm32f4xx_hal_tim.o
                0x0800a224                TIM_OC2_SetConfig
 .text.TIM_OC3_SetConfig
                0x0800a310       0xe8 ./Drivers/STM32F4xx_HAL_Driver/Src/stm32f4xx_hal_tim.o
 .text.TIM_OC4_SetConfig
                0x0800a3f8       0xac ./Drivers/STM32F4xx_HAL_Driver/Src/stm32f4xx_hal_tim.o
 .text.TIM_TI1_ConfigInputStage
                0x0800a4a4       0x5e ./Drivers/STM32F4xx_HAL_Driver/Src/stm32f4xx_hal_tim.o
 .text.TIM_TI2_ConfigInputStage
                0x0800a502       0x60 ./Drivers/STM32F4xx_HAL_Driver/Src/stm32f4xx_hal_tim.o
 .text.TIM_ITRx_SetConfig
                0x0800a562       0x36 ./Drivers/STM32F4xx_HAL_Driver/Src/stm32f4xx_hal_tim.o
 .text.TIM_ETR_SetConfig
                0x0800a598       0x40 ./Drivers/STM32F4xx_HAL_Driver/Src/stm32f4xx_hal_tim.o
                0x0800a598                TIM_ETR_SetConfig
 .text.TIM_CCxChannelCmd
                0x0800a5d8       0x4a ./Drivers/STM32F4xx_HAL_Driver/Src/stm32f4xx_hal_tim.o
                0x0800a5d8                TIM_CCxChannelCmd
 *fill*         0x0800a622        0x2 
 .text.HAL_TIMEx_MasterConfigSynchronization
                0x0800a624       0xf8 ./Drivers/STM32F4xx_HAL_Driver/Src/stm32f4xx_hal_tim_ex.o
                0x0800a624                HAL_TIMEx_MasterConfigSynchronization
 .text.HAL_TIMEx_CommutCallback
                0x0800a71c       0x14 ./Drivers/STM32F4xx_HAL_Driver/Src/stm32f4xx_hal_tim_ex.o
                0x0800a71c                HAL_TIMEx_CommutCallback
 .text.HAL_TIMEx_BreakCallback
                0x0800a730       0x14 ./Drivers/STM32F4xx_HAL_Driver/Src/stm32f4xx_hal_tim_ex.o
                0x0800a730                HAL_TIMEx_BreakCallback
 .text.HAL_UART_Init
                0x0800a744       0xa0 ./Drivers/STM32F4xx_HAL_Driver/Src/stm32f4xx_hal_uart.o
                0x0800a744                HAL_UART_Init
 .text.HAL_UART_Transmit
                0x0800a7e4      0x116 ./Drivers/STM32F4xx_HAL_Driver/Src/stm32f4xx_hal_uart.o
                0x0800a7e4                HAL_UART_Transmit
 .text.HAL_UART_Receive_IT
                0x0800a8fa       0x4a ./Drivers/STM32F4xx_HAL_Driver/Src/stm32f4xx_hal_uart.o
                0x0800a8fa                HAL_UART_Receive_IT
 .text.HAL_UART_Receive_DMA
                0x0800a944       0x4a ./Drivers/STM32F4xx_HAL_Driver/Src/stm32f4xx_hal_uart.o
                0x0800a944                HAL_UART_Receive_DMA
 *fill*         0x0800a98e        0x2 
 .text.HAL_UART_IRQHandler
                0x0800a990      0x554 ./Drivers/STM32F4xx_HAL_Driver/Src/stm32f4xx_hal_uart.o
                0x0800a990                HAL_UART_IRQHandler
 .text.HAL_UART_TxCpltCallback
                0x0800aee4       0x14 ./Drivers/STM32F4xx_HAL_Driver/Src/stm32f4xx_hal_uart.o
                0x0800aee4                HAL_UART_TxCpltCallback
 .text.HAL_UART_RxHalfCpltCallback
                0x0800aef8       0x14 ./Drivers/STM32F4xx_HAL_Driver/Src/stm32f4xx_hal_uart.o
                0x0800aef8                HAL_UART_RxHalfCpltCallback
 .text.HAL_UART_ErrorCallback
                0x0800af0c       0x14 ./Drivers/STM32F4xx_HAL_Driver/Src/stm32f4xx_hal_uart.o
                0x0800af0c                HAL_UART_ErrorCallback
 .text.HAL_UARTEx_RxEventCallback
                0x0800af20       0x18 ./Drivers/STM32F4xx_HAL_Driver/Src/stm32f4xx_hal_uart.o
                0x0800af20                HAL_UARTEx_RxEventCallback
 .text.UART_DMAReceiveCplt
                0x0800af38      0x12c ./Drivers/STM32F4xx_HAL_Driver/Src/stm32f4xx_hal_uart.o
 .text.UART_DMARxHalfCplt
                0x0800b064       0x3c ./Drivers/STM32F4xx_HAL_Driver/Src/stm32f4xx_hal_uart.o
 .text.UART_DMAError
                0x0800b0a0       0x94 ./Drivers/STM32F4xx_HAL_Driver/Src/stm32f4xx_hal_uart.o
 .text.UART_WaitOnFlagUntilTimeout
                0x0800b134       0xb2 ./Drivers/STM32F4xx_HAL_Driver/Src/stm32f4xx_hal_uart.o
 .text.UART_Start_Receive_IT
                0x0800b1e6       0x74 ./Drivers/STM32F4xx_HAL_Driver/Src/stm32f4xx_hal_uart.o
                0x0800b1e6                UART_Start_Receive_IT
 *fill*         0x0800b25a        0x2 
 .text.UART_Start_Receive_DMA
                0x0800b25c      0x14c ./Drivers/STM32F4xx_HAL_Driver/Src/stm32f4xx_hal_uart.o
                0x0800b25c                UART_Start_Receive_DMA
 .text.UART_EndTxTransfer
                0x0800b3a8       0x50 ./Drivers/STM32F4xx_HAL_Driver/Src/stm32f4xx_hal_uart.o
 .text.UART_EndRxTransfer
                0x0800b3f8       0xc6 ./Drivers/STM32F4xx_HAL_Driver/Src/stm32f4xx_hal_uart.o
 .text.UART_DMAAbortOnError
                0x0800b4be       0x22 ./Drivers/STM32F4xx_HAL_Driver/Src/stm32f4xx_hal_uart.o
 .text.UART_Transmit_IT
                0x0800b4e0       0xa0 ./Drivers/STM32F4xx_HAL_Driver/Src/stm32f4xx_hal_uart.o
 .text.UART_EndTransmit_IT
                0x0800b580       0x30 ./Drivers/STM32F4xx_HAL_Driver/Src/stm32f4xx_hal_uart.o
 .text.UART_Receive_IT
                0x0800b5b0      0x17c ./Drivers/STM32F4xx_HAL_Driver/Src/stm32f4xx_hal_uart.o
 .text.UART_SetConfig
                0x0800b72c      0x4e8 ./Drivers/STM32F4xx_HAL_Driver/Src/stm32f4xx_hal_uart.o
 .text.makeFreeRtosPriority
                0x0800bc14       0x30 ./Middlewares/Third_Party/FreeRTOS/Source/CMSIS_RTOS/cmsis_os.o
 .text.osKernelStart
                0x0800bc44        0xe ./Middlewares/Third_Party/FreeRTOS/Source/CMSIS_RTOS/cmsis_os.o
                0x0800bc44                osKernelStart
 .text.osThreadCreate
                0x0800bc52       0x98 ./Middlewares/Third_Party/FreeRTOS/Source/CMSIS_RTOS/cmsis_os.o
                0x0800bc52                osThreadCreate
 .text.osThreadGetId
                0x0800bcea        0xe ./Middlewares/Third_Party/FreeRTOS/Source/CMSIS_RTOS/cmsis_os.o
                0x0800bcea                osThreadGetId
 .text.osThreadTerminate
                0x0800bcf8       0x18 ./Middlewares/Third_Party/FreeRTOS/Source/CMSIS_RTOS/cmsis_os.o
                0x0800bcf8                osThreadTerminate
 .text.osDelay  0x0800bd10       0x28 ./Middlewares/Third_Party/FreeRTOS/Source/CMSIS_RTOS/cmsis_os.o
                0x0800bd10                osDelay
 .text.vListInitialise
                0x0800bd38       0x40 ./Middlewares/Third_Party/FreeRTOS/Source/list.o
                0x0800bd38                vListInitialise
 .text.vListInitialiseItem
                0x0800bd78       0x1a ./Middlewares/Third_Party/FreeRTOS/Source/list.o
                0x0800bd78                vListInitialiseItem
 .text.vListInsertEnd
                0x0800bd92       0x48 ./Middlewares/Third_Party/FreeRTOS/Source/list.o
                0x0800bd92                vListInsertEnd
 .text.vListInsert
                0x0800bdda       0x72 ./Middlewares/Third_Party/FreeRTOS/Source/list.o
                0x0800bdda                vListInsert
 .text.uxListRemove
                0x0800be4c       0x54 ./Middlewares/Third_Party/FreeRTOS/Source/list.o
                0x0800be4c                uxListRemove
 .text.xQueueGenericReset
                0x0800bea0       0xd4 ./Middlewares/Third_Party/FreeRTOS/Source/queue.o
                0x0800bea0                xQueueGenericReset
 .text.xQueueGenericCreate
                0x0800bf74       0x76 ./Middlewares/Third_Party/FreeRTOS/Source/queue.o
                0x0800bf74                xQueueGenericCreate
 .text.prvInitialiseNewQueue
                0x0800bfea       0x3e ./Middlewares/Third_Party/FreeRTOS/Source/queue.o
 .text.prvInitialiseMutex
                0x0800c028       0x34 ./Middlewares/Third_Party/FreeRTOS/Source/queue.o
 .text.xQueueCreateMutex
                0x0800c05c       0x30 ./Middlewares/Third_Party/FreeRTOS/Source/queue.o
                0x0800c05c                xQueueCreateMutex
 .text.xQueueGenericSend
                0x0800c08c      0x204 ./Middlewares/Third_Party/FreeRTOS/Source/queue.o
                0x0800c08c                xQueueGenericSend
 .text.xQueueReceive
                0x0800c290      0x1c4 ./Middlewares/Third_Party/FreeRTOS/Source/queue.o
                0x0800c290                xQueueReceive
 .text.xQueueSemaphoreTake
                0x0800c454      0x220 ./Middlewares/Third_Party/FreeRTOS/Source/queue.o
                0x0800c454                xQueueSemaphoreTake
 .text.prvGetDisinheritPriorityAfterTimeout
                0x0800c674       0x30 ./Middlewares/Third_Party/FreeRTOS/Source/queue.o
 .text.prvCopyDataToQueue
                0x0800c6a4       0xd4 ./Middlewares/Third_Party/FreeRTOS/Source/queue.o
 .text.prvCopyDataFromQueue
                0x0800c778       0x4c ./Middlewares/Third_Party/FreeRTOS/Source/queue.o
 .text.prvUnlockQueue
                0x0800c7c4       0xa4 ./Middlewares/Third_Party/FreeRTOS/Source/queue.o
 .text.prvIsQueueEmpty
                0x0800c868       0x2c ./Middlewares/Third_Party/FreeRTOS/Source/queue.o
 .text.prvIsQueueFull
                0x0800c894       0x30 ./Middlewares/Third_Party/FreeRTOS/Source/queue.o
 .text.xTaskCreateStatic
                0x0800c8c4       0xc0 ./Middlewares/Third_Party/FreeRTOS/Source/tasks.o
                0x0800c8c4                xTaskCreateStatic
 .text.xTaskCreate
                0x0800c984       0x8a ./Middlewares/Third_Party/FreeRTOS/Source/tasks.o
                0x0800c984                xTaskCreate
 *fill*         0x0800ca0e        0x2 
 .text.prvInitialiseNewTask
                0x0800ca10      0x140 ./Middlewares/Third_Party/FreeRTOS/Source/tasks.o
 .text.prvAddNewTaskToReadyList
                0x0800cb50       0xd4 ./Middlewares/Third_Party/FreeRTOS/Source/tasks.o
 .text.vTaskDelete
                0x0800cc24      0x120 ./Middlewares/Third_Party/FreeRTOS/Source/tasks.o
                0x0800cc24                vTaskDelete
 .text.vTaskDelayUntil
                0x0800cd44      0x100 ./Middlewares/Third_Party/FreeRTOS/Source/tasks.o
                0x0800cd44                vTaskDelayUntil
 .text.vTaskDelay
                0x0800ce44       0x6c ./Middlewares/Third_Party/FreeRTOS/Source/tasks.o
                0x0800ce44                vTaskDelay
 .text.vTaskStartScheduler
                0x0800ceb0       0xd4 ./Middlewares/Third_Party/FreeRTOS/Source/tasks.o
                0x0800ceb0                vTaskStartScheduler
 .text.vTaskSuspendAll
                0x0800cf84       0x1c ./Middlewares/Third_Party/FreeRTOS/Source/tasks.o
                0x0800cf84                vTaskSuspendAll
 .text.xTaskResumeAll
                0x0800cfa0      0x13c ./Middlewares/Third_Party/FreeRTOS/Source/tasks.o
                0x0800cfa0                xTaskResumeAll
 .text.xTaskGetTickCount
                0x0800d0dc       0x20 ./Middlewares/Third_Party/FreeRTOS/Source/tasks.o
                0x0800d0dc                xTaskGetTickCount
 .text.xTaskIncrementTick
                0x0800d0fc      0x174 ./Middlewares/Third_Party/FreeRTOS/Source/tasks.o
                0x0800d0fc                xTaskIncrementTick
 .text.vTaskSwitchContext
                0x0800d270       0xc8 ./Middlewares/Third_Party/FreeRTOS/Source/tasks.o
                0x0800d270                vTaskSwitchContext
 .text.vTaskPlaceOnEventList
                0x0800d338       0x4c ./Middlewares/Third_Party/FreeRTOS/Source/tasks.o
                0x0800d338                vTaskPlaceOnEventList
 .text.xTaskRemoveFromEventList
                0x0800d384       0xc8 ./Middlewares/Third_Party/FreeRTOS/Source/tasks.o
                0x0800d384                xTaskRemoveFromEventList
 .text.vTaskInternalSetTimeOutState
                0x0800d44c       0x2c ./Middlewares/Third_Party/FreeRTOS/Source/tasks.o
                0x0800d44c                vTaskInternalSetTimeOutState
 .text.xTaskCheckForTimeOut
                0x0800d478       0xc8 ./Middlewares/Third_Party/FreeRTOS/Source/tasks.o
                0x0800d478                xTaskCheckForTimeOut
 .text.vTaskMissedYield
                0x0800d540       0x18 ./Middlewares/Third_Party/FreeRTOS/Source/tasks.o
                0x0800d540                vTaskMissedYield
 .text.prvIdleTask
                0x0800d558       0x30 ./Middlewares/Third_Party/FreeRTOS/Source/tasks.o
 .text.prvInitialiseTaskLists
                0x0800d588       0x80 ./Middlewares/Third_Party/FreeRTOS/Source/tasks.o
 .text.prvCheckTasksWaitingTermination
                0x0800d608       0x5c ./Middlewares/Third_Party/FreeRTOS/Source/tasks.o
 .text.prvDeleteTCB
                0x0800d664       0x6a ./Middlewares/Third_Party/FreeRTOS/Source/tasks.o
 *fill*         0x0800d6ce        0x2 
 .text.prvResetNextTaskUnblockTime
                0x0800d6d0       0x40 ./Middlewares/Third_Party/FreeRTOS/Source/tasks.o
 .text.xTaskGetCurrentTaskHandle
                0x0800d710       0x20 ./Middlewares/Third_Party/FreeRTOS/Source/tasks.o
                0x0800d710                xTaskGetCurrentTaskHandle
 .text.xTaskGetSchedulerState
                0x0800d730       0x3c ./Middlewares/Third_Party/FreeRTOS/Source/tasks.o
                0x0800d730                xTaskGetSchedulerState
 .text.xTaskPriorityInherit
                0x0800d76c       0xec ./Middlewares/Third_Party/FreeRTOS/Source/tasks.o
                0x0800d76c                xTaskPriorityInherit
 .text.xTaskPriorityDisinherit
                0x0800d858      0x110 ./Middlewares/Third_Party/FreeRTOS/Source/tasks.o
                0x0800d858                xTaskPriorityDisinherit
 .text.vTaskPriorityDisinheritAfterTimeout
                0x0800d968      0x120 ./Middlewares/Third_Party/FreeRTOS/Source/tasks.o
                0x0800d968                vTaskPriorityDisinheritAfterTimeout
 .text.pvTaskIncrementMutexHeldCount
                0x0800da88       0x28 ./Middlewares/Third_Party/FreeRTOS/Source/tasks.o
                0x0800da88                pvTaskIncrementMutexHeldCount
 .text.prvAddCurrentTaskToDelayedList
                0x0800dab0       0xcc ./Middlewares/Third_Party/FreeRTOS/Source/tasks.o
 .text.pxPortInitialiseStack
                0x0800db7c       0x68 ./Middlewares/Third_Party/FreeRTOS/Source/portable/GCC/ARM_CM4F/port.o
                0x0800db7c                pxPortInitialiseStack
 .text.prvTaskExitError
                0x0800dbe4       0x5c ./Middlewares/Third_Party/FreeRTOS/Source/portable/GCC/ARM_CM4F/port.o
 .text.SVC_Handler
                0x0800dc40       0x28 ./Middlewares/Third_Party/FreeRTOS/Source/portable/GCC/ARM_CM4F/port.o
                0x0800dc40                SVC_Handler
 .text.prvPortStartFirstTask
                0x0800dc68       0x28 ./Middlewares/Third_Party/FreeRTOS/Source/portable/GCC/ARM_CM4F/port.o
 .text.xPortStartScheduler
                0x0800dc90      0x148 ./Middlewares/Third_Party/FreeRTOS/Source/portable/GCC/ARM_CM4F/port.o
                0x0800dc90                xPortStartScheduler
 .text.vPortEnterCritical
                0x0800ddd8       0x64 ./Middlewares/Third_Party/FreeRTOS/Source/portable/GCC/ARM_CM4F/port.o
                0x0800ddd8                vPortEnterCritical
 .text.vPortExitCritical
                0x0800de3c       0x54 ./Middlewares/Third_Party/FreeRTOS/Source/portable/GCC/ARM_CM4F/port.o
                0x0800de3c                vPortExitCritical
 .text.PendSV_Handler
                0x0800de90       0x68 ./Middlewares/Third_Party/FreeRTOS/Source/portable/GCC/ARM_CM4F/port.o
                0x0800de90                PendSV_Handler
 .text.SysTick_Handler
                0x0800def8       0x44 ./Middlewares/Third_Party/FreeRTOS/Source/portable/GCC/ARM_CM4F/port.o
                0x0800def8                SysTick_Handler
 .text.vPortSetupTimerInterrupt
                0x0800df3c       0x48 ./Middlewares/Third_Party/FreeRTOS/Source/portable/GCC/ARM_CM4F/port.o
                0x0800df3c                vPortSetupTimerInterrupt
 .text.vPortEnableVFP
                0x0800df84       0x14 ./Middlewares/Third_Party/FreeRTOS/Source/portable/GCC/ARM_CM4F/port.o
 .text.pvPortMalloc
                0x0800df98      0x19c ./Middlewares/Third_Party/FreeRTOS/Source/portable/MemMang/heap_4.o
                0x0800df98                pvPortMalloc
 .text.vPortFree
                0x0800e134       0xc8 ./Middlewares/Third_Party/FreeRTOS/Source/portable/MemMang/heap_4.o
                0x0800e134                vPortFree
 .text.prvHeapInit
                0x0800e1fc       0xc4 ./Middlewares/Third_Party/FreeRTOS/Source/portable/MemMang/heap_4.o
 .text.prvInsertBlockIntoFreeList
                0x0800e2c0       0xb4 ./Middlewares/Third_Party/FreeRTOS/Source/portable/MemMang/heap_4.o
 .text.snprintf
                0x0800e374       0x6c /Applications/STMicroelectronics/STM32CubeIDE.app/Contents/Eclipse/plugins/com.st.stm32cube.ide.mcu.externaltools.gnu-tools-for-stm32.14.3.rel1.macosaarch64_1.0.0.202602081740/tools/bin/../lib/gcc/arm-none-eabi/14.3.1/../../../../arm-none-eabi/lib/thumb/v7e-m+fp/hard/libc_nano.a(libc_a-snprintf.o)
                0x0800e374                snprintf
                0x0800e374                sniprintf
 .text.sscanf   0x0800e3e0       0x58 /Applications/STMicroelectronics/STM32CubeIDE.app/Contents/Eclipse/plugins/com.st.stm32cube.ide.mcu.externaltools.gnu-tools-for-stm32.14.3.rel1.macosaarch64_1.0.0.202602081740/tools/bin/../lib/gcc/arm-none-eabi/14.3.1/../../../../arm-none-eabi/lib/thumb/v7e-m+fp/hard/libc_nano.a(libc_a-sscanf.o)
                0x0800e3e0                sscanf
                0x0800e3e0                siscanf
 .text.__seofread
                0x0800e438        0x4 /Applications/STMicroelectronics/STM32CubeIDE.app/Contents/Eclipse/plugins/com.st.stm32cube.ide.mcu.externaltools.gnu-tools-for-stm32.14.3.rel1.macosaarch64_1.0.0.202602081740/tools/bin/../lib/gcc/arm-none-eabi/14.3.1/../../../../arm-none-eabi/lib/thumb/v7e-m+fp/hard/libc_nano.a(libc_a-stdio.o)
                0x0800e438                __seofread
 .text.memmove  0x0800e43c       0x32 /Applications/STMicroelectronics/STM32CubeIDE.app/Contents/Eclipse/plugins/com.st.stm32cube.ide.mcu.externaltools.gnu-tools-for-stm32.14.3.rel1.macosaarch64_1.0.0.202602081740/tools/bin/../lib/gcc/arm-none-eabi/14.3.1/../../../../arm-none-eabi/lib/thumb/v7e-m+fp/hard/libc_nano.a(libc_a-memmove.o)
                0x0800e43c                memmove
 .text.memset   0x0800e46e       0x10 /Applications/STMicroelectronics/STM32CubeIDE.app/Contents/Eclipse/plugins/com.st.stm32cube.ide.mcu.externaltools.gnu-tools-for-stm32.14.3.rel1.macosaarch64_1.0.0.202602081740/tools/bin/../lib/gcc/arm-none-eabi/14.3.1/../../../../arm-none-eabi/lib/thumb/v7e-m+fp/hard/libc_nano.a(libc_a-memset.o)
                0x0800e46e                memset
 *fill*         0x0800e47e        0x2 
 .text.__errno  0x0800e480        0xc /Applications/STMicroelectronics/STM32CubeIDE.app/Contents/Eclipse/plugins/com.st.stm32cube.ide.mcu.externaltools.gnu-tools-for-stm32.14.3.rel1.macosaarch64_1.0.0.202602081740/tools/bin/../lib/gcc/arm-none-eabi/14.3.1/../../../../arm-none-eabi/lib/thumb/v7e-m+fp/hard/libc_nano.a(libc_a-errno.o)
                0x0800e480                __errno
 .text.__libc_init_array
                0x0800e48c       0x48 /Applications/STMicroelectronics/STM32CubeIDE.app/Contents/Eclipse/plugins/com.st.stm32cube.ide.mcu.externaltools.gnu-tools-for-stm32.14.3.rel1.macosaarch64_1.0.0.202602081740/tools/bin/../lib/gcc/arm-none-eabi/14.3.1/../../../../arm-none-eabi/lib/thumb/v7e-m+fp/hard/libc_nano.a(libc_a-init.o)
                0x0800e48c                __libc_init_array
 .text.__retarget_lock_acquire_recursive
                0x0800e4d4        0x2 /Applications/STMicroelectronics/STM32CubeIDE.app/Contents/Eclipse/plugins/com.st.stm32cube.ide.mcu.externaltools.gnu-tools-for-stm32.14.3.rel1.macosaarch64_1.0.0.202602081740/tools/bin/../lib/gcc/arm-none-eabi/14.3.1/../../../../arm-none-eabi/lib/thumb/v7e-m+fp/hard/libc_nano.a(libc_a-lock.o)
                0x0800e4d4                __retarget_lock_acquire_recursive
 .text.__retarget_lock_release_recursive
                0x0800e4d6        0x2 /Applications/STMicroelectronics/STM32CubeIDE.app/Contents/Eclipse/plugins/com.st.stm32cube.ide.mcu.externaltools.gnu-tools-for-stm32.14.3.rel1.macosaarch64_1.0.0.202602081740/tools/bin/../lib/gcc/arm-none-eabi/14.3.1/../../../../arm-none-eabi/lib/thumb/v7e-m+fp/hard/libc_nano.a(libc_a-lock.o)
                0x0800e4d6                __retarget_lock_release_recursive
 .text._reclaim_reent
                0x0800e4d8       0xbc /Applications/STMicroelectronics/STM32CubeIDE.app/Contents/Eclipse/plugins/com.st.stm32cube.ide.mcu.externaltools.gnu-tools-for-stm32.14.3.rel1.macosaarch64_1.0.0.202602081740/tools/bin/../lib/gcc/arm-none-eabi/14.3.1/../../../../arm-none-eabi/lib/thumb/v7e-m+fp/hard/libc_nano.a(libc_a-reent.o)
                0x0800e4d8                _reclaim_reent
 .text.memcpy   0x0800e594       0x1c /Applications/STMicroelectronics/STM32CubeIDE.app/Contents/Eclipse/plugins/com.st.stm32cube.ide.mcu.externaltools.gnu-tools-for-stm32.14.3.rel1.macosaarch64_1.0.0.202602081740/tools/bin/../lib/gcc/arm-none-eabi/14.3.1/../../../../arm-none-eabi/lib/thumb/v7e-m+fp/hard/libc_nano.a(libc_a-memcpy-stub.o)
                0x0800e594                memcpy
 .text._free_r  0x0800e5b0       0x94 /Applications/STMicroelectronics/STM32CubeIDE.app/Contents/Eclipse/plugins/com.st.stm32cube.ide.mcu.externaltools.gnu-tools-for-stm32.14.3.rel1.macosaarch64_1.0.0.202602081740/tools/bin/../lib/gcc/arm-none-eabi/14.3.1/../../../../arm-none-eabi/lib/thumb/v7e-m+fp/hard/libc_nano.a(libc_a-freer.o)
                0x0800e5b0                _free_r
 .text.__ssputs_r
                0x0800e644       0xc0 /Applications/STMicroelectronics/STM32CubeIDE.app/Contents/Eclipse/plugins/com.st.stm32cube.ide.mcu.externaltools.gnu-tools-for-stm32.14.3.rel1.macosaarch64_1.0.0.202602081740/tools/bin/../lib/gcc/arm-none-eabi/14.3.1/../../../../arm-none-eabi/lib/thumb/v7e-m+fp/hard/libc_nano.a(libc_a-nano-svfprintf.o)
                0x0800e644                __ssputs_r
 .text._svfprintf_r
                0x0800e704      0x1f0 /Applications/STMicroelectronics/STM32CubeIDE.app/Contents/Eclipse/plugins/com.st.stm32cube.ide.mcu.externaltools.gnu-tools-for-stm32.14.3.rel1.macosaarch64_1.0.0.202602081740/tools/bin/../lib/gcc/arm-none-eabi/14.3.1/../../../../arm-none-eabi/lib/thumb/v7e-m+fp/hard/libc_nano.a(libc_a-nano-svfprintf.o)
                0x0800e704                _svfprintf_r
                0x0800e704                _svfiprintf_r
 .text._sungetc_r
                0x0800e8f4       0x7a /Applications/STMicroelectronics/STM32CubeIDE.app/Contents/Eclipse/plugins/com.st.stm32cube.ide.mcu.externaltools.gnu-tools-for-stm32.14.3.rel1.macosaarch64_1.0.0.202602081740/tools/bin/../lib/gcc/arm-none-eabi/14.3.1/../../../../arm-none-eabi/lib/thumb/v7e-m+fp/hard/libc_nano.a(libc_a-nano-svfscanf.o)
                0x0800e8f4                _sungetc_r
 .text.__ssrefill_r
                0x0800e96e       0x3a /Applications/STMicroelectronics/STM32CubeIDE.app/Contents/Eclipse/plugins/com.st.stm32cube.ide.mcu.externaltools.gnu-tools-for-stm32.14.3.rel1.macosaarch64_1.0.0.202602081740/tools/bin/../lib/gcc/arm-none-eabi/14.3.1/../../../../arm-none-eabi/lib/thumb/v7e-m+fp/hard/libc_nano.a(libc_a-nano-svfscanf.o)
                0x0800e96e                __ssrefill_r
 .text.__ssvfscanf_r
                0x0800e9a8      0x2fc /Applications/STMicroelectronics/STM32CubeIDE.app/Contents/Eclipse/plugins/com.st.stm32cube.ide.mcu.externaltools.gnu-tools-for-stm32.14.3.rel1.macosaarch64_1.0.0.202602081740/tools/bin/../lib/gcc/arm-none-eabi/14.3.1/../../../../arm-none-eabi/lib/thumb/v7e-m+fp/hard/libc_nano.a(libc_a-nano-svfscanf.o)
                0x0800e9a8                __ssvfscanf_r
                0x0800e9a8                __ssvfiscanf_r
 .text.sbrk_aligned
                0x0800eca4       0x44 /Applications/STMicroelectronics/STM32CubeIDE.app/Contents/Eclipse/plugins/com.st.stm32cube.ide.mcu.externaltools.gnu-tools-for-stm32.14.3.rel1.macosaarch64_1.0.0.202602081740/tools/bin/../lib/gcc/arm-none-eabi/14.3.1/../../../../arm-none-eabi/lib/thumb/v7e-m+fp/hard/libc_nano.a(libc_a-mallocr.o)
 .text._malloc_r
                0x0800ece8      0x100 /Applications/STMicroelectronics/STM32CubeIDE.app/Contents/Eclipse/plugins/com.st.stm32cube.ide.mcu.externaltools.gnu-tools-for-stm32.14.3.rel1.macosaarch64_1.0.0.202602081740/tools/bin/../lib/gcc/arm-none-eabi/14.3.1/../../../../arm-none-eabi/lib/thumb/v7e-m+fp/hard/libc_nano.a(libc_a-mallocr.o)
                0x0800ece8                _malloc_r
 .text._printf_common
                0x0800ede8       0xda /Applications/STMicroelectronics/STM32CubeIDE.app/Contents/Eclipse/plugins/com.st.stm32cube.ide.mcu.externaltools.gnu-tools-for-stm32.14.3.rel1.macosaarch64_1.0.0.202602081740/tools/bin/../lib/gcc/arm-none-eabi/14.3.1/../../../../arm-none-eabi/lib/thumb/v7e-m+fp/hard/libc_nano.a(libc_a-nano-vfprintf_i.o)
                0x0800ede8                _printf_common
 *fill*         0x0800eec2        0x2 
 .text._printf_i
                0x0800eec4      0x24c /Applications/STMicroelectronics/STM32CubeIDE.app/Contents/Eclipse/plugins/com.st.stm32cube.ide.mcu.externaltools.gnu-tools-for-stm32.14.3.rel1.macosaarch64_1.0.0.202602081740/tools/bin/../lib/gcc/arm-none-eabi/14.3.1/../../../../arm-none-eabi/lib/thumb/v7e-m+fp/hard/libc_nano.a(libc_a-nano-vfprintf_i.o)
                0x0800eec4                _printf_i
 .text._scanf_chars
                0x0800f110       0xb4 /Applications/STMicroelectronics/STM32CubeIDE.app/Contents/Eclipse/plugins/com.st.stm32cube.ide.mcu.externaltools.gnu-tools-for-stm32.14.3.rel1.macosaarch64_1.0.0.202602081740/tools/bin/../lib/gcc/arm-none-eabi/14.3.1/../../../../arm-none-eabi/lib/thumb/v7e-m+fp/hard/libc_nano.a(libc_a-nano-vfscanf_i.o)
                0x0800f110                _scanf_chars
 .text._scanf_i
                0x0800f1c4      0x1e4 /Applications/STMicroelectronics/STM32CubeIDE.app/Contents/Eclipse/plugins/com.st.stm32cube.ide.mcu.externaltools.gnu-tools-for-stm32.14.3.rel1.macosaarch64_1.0.0.202602081740/tools/bin/../lib/gcc/arm-none-eabi/14.3.1/../../../../arm-none-eabi/lib/thumb/v7e-m+fp/hard/libc_nano.a(libc_a-nano-vfscanf_i.o)
                0x0800f1c4                _scanf_i
 .text.__sccl   0x0800f3a8       0x72 /Applications/STMicroelectronics/STM32CubeIDE.app/Contents/Eclipse/plugins/com.st.stm32cube.ide.mcu.externaltools.gnu-tools-for-stm32.14.3.rel1.macosaarch64_1.0.0.202602081740/tools/bin/../lib/gcc/arm-none-eabi/14.3.1/../../../../arm-none-eabi/lib/thumb/v7e-m+fp/hard/libc_nano.a(libc_a-sccl.o)
                0x0800f3a8                __sccl
 *fill*         0x0800f41a        0x2 
 .text.__malloc_lock
                0x0800f41c        0xc /Applications/STMicroelectronics/STM32CubeIDE.app/Contents/Eclipse/plugins/com.st.stm32cube.ide.mcu.externaltools.gnu-tools-for-stm32.14.3.rel1.macosaarch64_1.0.0.202602081740/tools/bin/../lib/gcc/arm-none-eabi/14.3.1/../../../../arm-none-eabi/lib/thumb/v7e-m+fp/hard/libc_nano.a(libc_a-mlock.o)
                0x0800f41c                __malloc_lock
 .text.__malloc_unlock
                0x0800f428        0xc /Applications/STMicroelectronics/STM32CubeIDE.app/Contents/Eclipse/plugins/com.st.stm32cube.ide.mcu.externaltools.gnu-tools-for-stm32.14.3.rel1.macosaarch64_1.0.0.202602081740/tools/bin/../lib/gcc/arm-none-eabi/14.3.1/../../../../arm-none-eabi/lib/thumb/v7e-m+fp/hard/libc_nano.a(libc_a-mlock.o)
                0x0800f428                __malloc_unlock
 .text.__submore
                0x0800f434       0x74 /Applications/STMicroelectronics/STM32CubeIDE.app/Contents/Eclipse/plugins/com.st.stm32cube.ide.mcu.externaltools.gnu-tools-for-stm32.14.3.rel1.macosaarch64_1.0.0.202602081740/tools/bin/../lib/gcc/arm-none-eabi/14.3.1/../../../../arm-none-eabi/lib/thumb/v7e-m+fp/hard/libc_nano.a(libc_a-ungetc.o)
                0x0800f434                __submore
 .text._realloc_r
                0x0800f4a8       0x5c /Applications/STMicroelectronics/STM32CubeIDE.app/Contents/Eclipse/plugins/com.st.stm32cube.ide.mcu.externaltools.gnu-tools-for-stm32.14.3.rel1.macosaarch64_1.0.0.202602081740/tools/bin/../lib/gcc/arm-none-eabi/14.3.1/../../../../arm-none-eabi/lib/thumb/v7e-m+fp/hard/libc_nano.a(libc_a-reallocr.o)
                0x0800f4a8                _realloc_r
 .text._strtol_l.isra.0
                0x0800f504       0xf4 /Applications/STMicroelectronics/STM32CubeIDE.app/Contents/Eclipse/plugins/com.st.stm32cube.ide.mcu.externaltools.gnu-tools-for-stm32.14.3.rel1.macosaarch64_1.0.0.202602081740/tools/bin/../lib/gcc/arm-none-eabi/14.3.1/../../../../arm-none-eabi/lib/thumb/v7e-m+fp/hard/libc_nano.a(libc_a-strtol.o)
 .text._strtol_r
                0x0800f5f8        0x4 /Applications/STMicroelectronics/STM32CubeIDE.app/Contents/Eclipse/plugins/com.st.stm32cube.ide.mcu.externaltools.gnu-tools-for-stm32.14.3.rel1.macosaarch64_1.0.0.202602081740/tools/bin/../lib/gcc/arm-none-eabi/14.3.1/../../../../arm-none-eabi/lib/thumb/v7e-m+fp/hard/libc_nano.a(libc_a-strtol.o)
                0x0800f5f8                _strtol_r
 .text._strtoul_l.isra.0
                0x0800f5fc       0xdc /Applications/STMicroelectronics/STM32CubeIDE.app/Contents/Eclipse/plugins/com.st.stm32cube.ide.mcu.externaltools.gnu-tools-for-stm32.14.3.rel1.macosaarch64_1.0.0.202602081740/tools/bin/../lib/gcc/arm-none-eabi/14.3.1/../../../../arm-none-eabi/lib/thumb/v7e-m+fp/hard/libc_nano.a(libc_a-strtoul.o)
 .text._strtoul_r
                0x0800f6d8        0x4 /Applications/STMicroelectronics/STM32CubeIDE.app/Contents/Eclipse/plugins/com.st.stm32cube.ide.mcu.externaltools.gnu-tools-for-stm32.14.3.rel1.macosaarch64_1.0.0.202602081740/tools/bin/../lib/gcc/arm-none-eabi/14.3.1/../../../../arm-none-eabi/lib/thumb/v7e-m+fp/hard/libc_nano.a(libc_a-strtoul.o)
                0x0800f6d8                _strtoul_r
 .text._sbrk_r  0x0800f6dc       0x20 /Applications/STMicroelectronics/STM32CubeIDE.app/Contents/Eclipse/plugins/com.st.stm32cube.ide.mcu.externaltools.gnu-tools-for-stm32.14.3.rel1.macosaarch64_1.0.0.202602081740/tools/bin/../lib/gcc/arm-none-eabi/14.3.1/../../../../arm-none-eabi/lib/thumb/v7e-m+fp/hard/libc_nano.a(libc_a-sbrkr.o)
                0x0800f6dc                _sbrk_r
 .text._malloc_usable_size_r
                0x0800f6fc       0x10 /Applications/STMicroelectronics/STM32CubeIDE.app/Contents/Eclipse/plugins/com.st.stm32cube.ide.mcu.externaltools.gnu-tools-for-stm32.14.3.rel1.macosaarch64_1.0.0.202602081740/tools/bin/../lib/gcc/arm-none-eabi/14.3.1/../../../../arm-none-eabi/lib/thumb/v7e-m+fp/hard/libc_nano.a(libc_a-msizer.o)
                0x0800f6fc                _malloc_usable_size_r
 .text.cosf     0x0800f70c       0x70 /Applications/STMicroelectronics/STM32CubeIDE.app/Contents/Eclipse/plugins/com.st.stm32cube.ide.mcu.externaltools.gnu-tools-for-stm32.14.3.rel1.macosaarch64_1.0.0.202602081740/tools/bin/../lib/gcc/arm-none-eabi/14.3.1/../../../../arm-none-eabi/lib/thumb/v7e-m+fp/hard/libm.a(libm_a-sf_cos.o)
                0x0800f70c                cosf
 .text.sinf     0x0800f77c       0x74 /Applications/STMicroelectronics/STM32CubeIDE.app/Contents/Eclipse/plugins/com.st.stm32cube.ide.mcu.externaltools.gnu-tools-for-stm32.14.3.rel1.macosaarch64_1.0.0.202602081740/tools/bin/../lib/gcc/arm-none-eabi/14.3.1/../../../../arm-none-eabi/lib/thumb/v7e-m+fp/hard/libm.a(libm_a-sf_sin.o)
                0x0800f77c                sinf
 .text.__kernel_cosf
                0x0800f7f0      0x104 /Applications/STMicroelectronics/STM32CubeIDE.app/Contents/Eclipse/plugins/com.st.stm32cube.ide.mcu.externaltools.gnu-tools-for-stm32.14.3.rel1.macosaarch64_1.0.0.202602081740/tools/bin/../lib/gcc/arm-none-eabi/14.3.1/../../../../arm-none-eabi/lib/thumb/v7e-m+fp/hard/libm.a(libm_a-kf_cos.o)
                0x0800f7f0                __kernel_cosf
 .text.__kernel_sinf
                0x0800f8f4       0x90 /Applications/STMicroelectronics/STM32CubeIDE.app/Contents/Eclipse/plugins/com.st.stm32cube.ide.mcu.externaltools.gnu-tools-for-stm32.14.3.rel1.macosaarch64_1.0.0.202602081740/tools/bin/../lib/gcc/arm-none-eabi/14.3.1/../../../../arm-none-eabi/lib/thumb/v7e-m+fp/hard/libm.a(libm_a-kf_sin.o)
                0x0800f8f4                __kernel_sinf
 .text.__ieee754_rem_pio2f
                0x0800f984      0x26c /Applications/STMicroelectronics/STM32CubeIDE.app/Contents/Eclipse/plugins/com.st.stm32cube.ide.mcu.externaltools.gnu-tools-for-stm32.14.3.rel1.macosaarch64_1.0.0.202602081740/tools/bin/../lib/gcc/arm-none-eabi/14.3.1/../../../../arm-none-eabi/lib/thumb/v7e-m+fp/hard/libm.a(libm_a-ef_rem_pio2.o)
                0x0800f984                __ieee754_rem_pio2f
 .text.fabsf    0x0800fbf0       0x10 /Applications/STMicroelectronics/STM32CubeIDE.app/Contents/Eclipse/plugins/com.st.stm32cube.ide.mcu.externaltools.gnu-tools-for-stm32.14.3.rel1.macosaarch64_1.0.0.202602081740/tools/bin/../lib/gcc/arm-none-eabi/14.3.1/../../../../arm-none-eabi/lib/thumb/v7e-m+fp/hard/libm.a(libm_a-sf_fabs.o)
                0x0800fbf0                fabsf
 .text.__kernel_rem_pio2f
                0x0800fc00      0x68c /Applications/STMicroelectronics/STM32CubeIDE.app/Contents/Eclipse/plugins/com.st.stm32cube.ide.mcu.externaltools.gnu-tools-for-stm32.14.3.rel1.macosaarch64_1.0.0.202602081740/tools/bin/../lib/gcc/arm-none-eabi/14.3.1/../../../../arm-none-eabi/lib/thumb/v7e-m+fp/hard/libm.a(libm_a-kf_rem_pio2.o)
                0x0800fc00                __kernel_rem_pio2f
 .text.floorf   0x0801028c       0x94 /Applications/STMicroelectronics/STM32CubeIDE.app/Contents/Eclipse/plugins/com.st.stm32cube.ide.mcu.externaltools.gnu-tools-for-stm32.14.3.rel1.macosaarch64_1.0.0.202602081740/tools/bin/../lib/gcc/arm-none-eabi/14.3.1/../../../../arm-none-eabi/lib/thumb/v7e-m+fp/hard/libm.a(libm_a-sf_floor.o)
                0x0801028c                floorf
 .text.scalbnf  0x08010320       0xdc /Applications/STMicroelectronics/STM32CubeIDE.app/Contents/Eclipse/plugins/com.st.stm32cube.ide.mcu.externaltools.gnu-tools-for-stm32.14.3.rel1.macosaarch64_1.0.0.202602081740/tools/bin/../lib/gcc/arm-none-eabi/14.3.1/../../../../arm-none-eabi/lib/thumb/v7e-m+fp/hard/libm.a(libm_a-sf_scalbn.o)
                0x08010320                scalbnf
 *(.glue_7)
 .glue_7        0x080103fc        0x0 linker stubs
 *(.glue_7t)
 .glue_7t       0x080103fc        0x0 linker stubs
 *(.eh_frame)
 .eh_frame      0x080103fc        0x0 /Applications/STMicroelectronics/STM32CubeIDE.app/Contents/Eclipse/plugins/com.st.stm32cube.ide.mcu.externaltools.gnu-tools-for-stm32.14.3.rel1.macosaarch64_1.0.0.202602081740/tools/bin/../lib/gcc/arm-none-eabi/14.3.1/thumb/v7e-m+fp/hard/crtbegin.o
 *(.init)
 .init          0x080103fc        0x4 /Applications/STMicroelectronics/STM32CubeIDE.app/Contents/Eclipse/plugins/com.st.stm32cube.ide.mcu.externaltools.gnu-tools-for-stm32.14.3.rel1.macosaarch64_1.0.0.202602081740/tools/bin/../lib/gcc/arm-none-eabi/14.3.1/thumb/v7e-m+fp/hard/crti.o
                0x080103fc                _init
 .init          0x08010400        0x8 /Applications/STMicroelectronics/STM32CubeIDE.app/Contents/Eclipse/plugins/com.st.stm32cube.ide.mcu.externaltools.gnu-tools-for-stm32.14.3.rel1.macosaarch64_1.0.0.202602081740/tools/bin/../lib/gcc/arm-none-eabi/14.3.1/thumb/v7e-m+fp/hard/crtn.o
 *(.fini)
 .fini          0x08010408        0x4 /Applications/STMicroelectronics/STM32CubeIDE.app/Contents/Eclipse/plugins/com.st.stm32cube.ide.mcu.externaltools.gnu-tools-for-stm32.14.3.rel1.macosaarch64_1.0.0.202602081740/tools/bin/../lib/gcc/arm-none-eabi/14.3.1/thumb/v7e-m+fp/hard/crti.o
                0x08010408                _fini
 .fini          0x0801040c        0x8 /Applications/STMicroelectronics/STM32CubeIDE.app/Contents/Eclipse/plugins/com.st.stm32cube.ide.mcu.externaltools.gnu-tools-for-stm32.14.3.rel1.macosaarch64_1.0.0.202602081740/tools/bin/../lib/gcc/arm-none-eabi/14.3.1/thumb/v7e-m+fp/hard/crtn.o
                0x08010414                        . = ALIGN (0x4)
                0x08010414                        _etext = .

.vfp11_veneer   0x08010414        0x0
 .vfp11_veneer  0x08010414        0x0 linker stubs

.v4_bx          0x08010414        0x0
 .v4_bx         0x08010414        0x0 linker stubs

.iplt           0x08010414        0x0
 .iplt          0x08010414        0x0 /Applications/STMicroelectronics/STM32CubeIDE.app/Contents/Eclipse/plugins/com.st.stm32cube.ide.mcu.externaltools.gnu-tools-for-stm32.14.3.rel1.macosaarch64_1.0.0.202602081740/tools/bin/../lib/gcc/arm-none-eabi/14.3.1/thumb/v7e-m+fp/hard/crtbegin.o

.rodata         0x08010414      0x968
                0x08010414                        . = ALIGN (0x4)
 *(.rodata)
 .rodata        0x08010414       0x2c ./Core/Src/app_state.o
 .rodata        0x08010440       0x38 ./Core/Src/app_tasks.o
 .rodata        0x08010478       0x28 ./Core/Src/main.o
 .rodata        0x080104a0      0x188 ./Core/Src/telemetry_bt.o
 .rodata        0x08010628       0xb7 ./Core/Src/ui_oled.o
 *fill*         0x080106df        0x1 
 .rodata        0x080106e0        0x5 ./Middlewares/Third_Party/FreeRTOS/Source/tasks.o
 *fill*         0x080106e5        0x3 
 .rodata        0x080106e8        0xc /Applications/STMicroelectronics/STM32CubeIDE.app/Contents/Eclipse/plugins/com.st.stm32cube.ide.mcu.externaltools.gnu-tools-for-stm32.14.3.rel1.macosaarch64_1.0.0.202602081740/tools/bin/../lib/gcc/arm-none-eabi/14.3.1/../../../../arm-none-eabi/lib/thumb/v7e-m+fp/hard/libc_nano.a(libc_a-nano-vfscanf_i.o)
 *(.rodata*)
 .rodata.g_robot_config
                0x080106f4       0x34 ./Core/Src/app_config.o
 .rodata.AHBPrescTable
                0x08010728       0x10 ./Core/Src/system_stm32f4xx.o
                0x08010728                AHBPrescTable
 .rodata.APBPrescTable
                0x08010738        0x8 ./Core/Src/system_stm32f4xx.o
                0x08010738                APBPrescTable
 .rodata.FONT_DIGITS
                0x08010740       0x32 ./Core/Src/ui_oled.o
 *fill*         0x08010772        0x2 
 .rodata.FONT_UPPER
                0x08010774       0x82 ./Core/Src/ui_oled.o
 *fill*         0x080107f6        0x2 
 .rodata.dash.8
                0x080107f8        0x5 ./Core/Src/ui_oled.o
 *fill*         0x080107fd        0x3 
 .rodata.dot.7  0x08010800        0x5 ./Core/Src/ui_oled.o
 *fill*         0x08010805        0x3 
 .rodata.colon.6
                0x08010808        0x5 ./Core/Src/ui_oled.o
 *fill*         0x0801080d        0x3 
 .rodata.slash.5
                0x08010810        0x5 ./Core/Src/ui_oled.o
 *fill*         0x08010815        0x3 
 .rodata.equal.4
                0x08010818        0x5 ./Core/Src/ui_oled.o
 *fill*         0x0801081d        0x3 
 .rodata.lp.3   0x08010820        0x5 ./Core/Src/ui_oled.o
 *fill*         0x08010825        0x3 
 .rodata.rp.2   0x08010828        0x5 ./Core/Src/ui_oled.o
 *fill*         0x0801082d        0x3 
 .rodata.blank.1
                0x08010830        0x5 ./Core/Src/ui_oled.o
 *fill*         0x08010835        0x3 
 .rodata.init_sequence.0
                0x08010838       0x1a ./Core/Src/ui_oled.o
 *fill*         0x08010852        0x2 
 .rodata.flagBitshiftOffset.0
                0x08010854        0x8 ./Drivers/STM32F4xx_HAL_Driver/Src/stm32f4xx_hal_dma.o
 .rodata._svfprintf_r.str1.1
                0x0801085c       0x4e /Applications/STMicroelectronics/STM32CubeIDE.app/Contents/Eclipse/plugins/com.st.stm32cube.ide.mcu.externaltools.gnu-tools-for-stm32.14.3.rel1.macosaarch64_1.0.0.202602081740/tools/bin/../lib/gcc/arm-none-eabi/14.3.1/../../../../arm-none-eabi/lib/thumb/v7e-m+fp/hard/libc_nano.a(libc_a-nano-svfprintf.o)
                                 0x11 (size before relaxing)
 .rodata.__ssvfscanf_r.str1.1
                0x080108aa        0x4 /Applications/STMicroelectronics/STM32CubeIDE.app/Contents/Eclipse/plugins/com.st.stm32cube.ide.mcu.externaltools.gnu-tools-for-stm32.14.3.rel1.macosaarch64_1.0.0.202602081740/tools/bin/../lib/gcc/arm-none-eabi/14.3.1/../../../../arm-none-eabi/lib/thumb/v7e-m+fp/hard/libc_nano.a(libc_a-nano-svfscanf.o)
 .rodata._printf_i.str1.1
                0x080108aa       0x22 /Applications/STMicroelectronics/STM32CubeIDE.app/Contents/Eclipse/plugins/com.st.stm32cube.ide.mcu.externaltools.gnu-tools-for-stm32.14.3.rel1.macosaarch64_1.0.0.202602081740/tools/bin/../lib/gcc/arm-none-eabi/14.3.1/../../../../arm-none-eabi/lib/thumb/v7e-m+fp/hard/libc_nano.a(libc_a-nano-vfprintf_i.o)
 .rodata._scanf_i.str1.1
                0x080108aa       0x12 /Applications/STMicroelectronics/STM32CubeIDE.app/Contents/Eclipse/plugins/com.st.stm32cube.ide.mcu.externaltools.gnu-tools-for-stm32.14.3.rel1.macosaarch64_1.0.0.202602081740/tools/bin/../lib/gcc/arm-none-eabi/14.3.1/../../../../arm-none-eabi/lib/thumb/v7e-m+fp/hard/libc_nano.a(libc_a-nano-vfscanf_i.o)
 .rodata.str1.1
                0x080108aa        0x9 /Applications/STMicroelectronics/STM32CubeIDE.app/Contents/Eclipse/plugins/com.st.stm32cube.ide.mcu.externaltools.gnu-tools-for-stm32.14.3.rel1.macosaarch64_1.0.0.202602081740/tools/bin/../lib/gcc/arm-none-eabi/14.3.1/../../../../arm-none-eabi/lib/thumb/v7e-m+fp/hard/libc_nano.a(libc_a-nano-vfscanf_i.o)
 .rodata._ctype_
                0x080108aa      0x101 /Applications/STMicroelectronics/STM32CubeIDE.app/Contents/Eclipse/plugins/com.st.stm32cube.ide.mcu.externaltools.gnu-tools-for-stm32.14.3.rel1.macosaarch64_1.0.0.202602081740/tools/bin/../lib/gcc/arm-none-eabi/14.3.1/../../../../arm-none-eabi/lib/thumb/v7e-m+fp/hard/libc_nano.a(libc_a-ctype_.o)
                0x080108aa                _ctype_
 *fill*         0x080109ab        0x1 
 .rodata.npio2_hw
                0x080109ac       0x80 /Applications/STMicroelectronics/STM32CubeIDE.app/Contents/Eclipse/plugins/com.st.stm32cube.ide.mcu.externaltools.gnu-tools-for-stm32.14.3.rel1.macosaarch64_1.0.0.202602081740/tools/bin/../lib/gcc/arm-none-eabi/14.3.1/../../../../arm-none-eabi/lib/thumb/v7e-m+fp/hard/libm.a(libm_a-ef_rem_pio2.o)
 .rodata.two_over_pi
                0x08010a2c      0x318 /Applications/STMicroelectronics/STM32CubeIDE.app/Contents/Eclipse/plugins/com.st.stm32cube.ide.mcu.externaltools.gnu-tools-for-stm32.14.3.rel1.macosaarch64_1.0.0.202602081740/tools/bin/../lib/gcc/arm-none-eabi/14.3.1/../../../../arm-none-eabi/lib/thumb/v7e-m+fp/hard/libm.a(libm_a-ef_rem_pio2.o)
 .rodata.PIo2   0x08010d44       0x2c /Applications/STMicroelectronics/STM32CubeIDE.app/Contents/Eclipse/plugins/com.st.stm32cube.ide.mcu.externaltools.gnu-tools-for-stm32.14.3.rel1.macosaarch64_1.0.0.202602081740/tools/bin/../lib/gcc/arm-none-eabi/14.3.1/../../../../arm-none-eabi/lib/thumb/v7e-m+fp/hard/libm.a(libm_a-kf_rem_pio2.o)
 .rodata.init_jk