../Core/Src/app_state.c:17:13:app_state_lock	8	static
../Core/Src/app_state.c:25:13:app_state_unlock	8	static
../Core/Src/app_state.c:33:6:app_state_init	8	static
../Core/Src/app_state.c:48:6:app_state_submit_command	16	static
../Core/Src/app_state.c:57:6:app_state_wait_command	16	static
../Core/Src/app_state.c:66:6:app_state_set_mode	16	static
../Core/Src/app_state.c:73:12:app_state_get_mode	16	static
../Core/Src/app_state.c:84:6:app_state_set_fault	16	static
../Core/Src/app_state.c:95:6:app_state_clear_fault	16	static
../Core/Src/app_state.c:107:10:app_state_get_faults	16	static
../Core/Src/app_state.c:118:6:app_state_has_fatal_fault	8	static
../Core/Src/app_state.c:123:6:app_state_can_start	16	static
../Core/Src/app_state.c:134:6:app_state_cycle_page	8	static
../Core/Src/app_state.c:141:6:app_state_set_bt_link	16	static
../Core/Src/app_state.c:148:6:app_state_set_lidar_ready	16	static
../Core/Src/app_state.c:155:14:app_state_apply_param_overrides	48	static
../Core/Src/app_state.c:183:6:app_state_set_param_override	24	static
../Core/Src/app_state.c:211:6:app_state_clear_param_overrides	8	static
../Core/Src/app_state.c:218:6:app_state_set_wheel_setpoint	16	static
../Core/Src/app_state.c:230:18:app_state_get_wheel_setpoint	40	static
../Core/Src/app_state.c:241:6:app_state_set_pot_params	24	static
../Core/Src/app_state.c:253:6:app_state_set_wheel_state	24	static
../Core/Src/app_state.c:265:6:app_state_set_pose	24	static
../Core/Src/app_state.c:277:6:app_state_set_lidar_frame	24	static
../Core/Src/app_state.c:290:6:app_state_set_imu_state	16	static
../Core/Src/app_state.c:302:16:app_state_get_snapshot	152	static
../Core/Src/app_state.c:313:13:app_state_mode_string	16	static
