../Core/Src/main.c:90:5:main	48	static
../Core/Src/main.c:172:6:SystemClock_Config	88	static
../Core/Src/main.c:226:13:MX_ADC1_Init	24	static
../Core/Src/main.c:296:13:MX_I2C1_Init	8	static
../Core/Src/main.c:330:13:MX_TIM2_Init	56	static
../Core/Src/main.c:379:13:MX_TIM3_Init	64	static
../Core/Src/main.c:450:13:MX_TIM4_Init	56	static
../Core/Src/main.c:499:13:MX_USART1_UART_Init	8	static
../Core/Src/main.c:532:13:MX_USART2_UART_Init	8	static
../Core/Src/main.c:563:13:MX_DMA_Init	16	static
../Core/Src/main.c:584:13:MX_GPIO_Init	48	static
../Core/Src/main.c:619:6:HAL_UART_RxCpltCallback	16	static
../Core/Src/main.c:633:6:StartDefaultTask	16	static
../Core/Src/main.c:661:6:HAL_TIM_PeriodElapsedCallback	16	static
../Core/Src/main.c:679:6:Error_Handler	4	static,ignoring_inline_asm
